Component: ARM Compiler 5.06 update 7 (build 960) Tool: armlink [4d3601]

==============================================================================

Section Cross References

    startup_stm32f103xb.o(RESET) refers to startup_stm32f103xb.o(STACK) for __initial_sp
    startup_stm32f103xb.o(RESET) refers to startup_stm32f103xb.o(.text) for Reset_Handler
    startup_stm32f103xb.o(RESET) refers to stm32f1xx_it.o(i.NMI_Handler) for NMI_Handler
    startup_stm32f103xb.o(RESET) refers to stm32f1xx_it.o(i.HardFault_Handler) for HardFault_Handler
    startup_stm32f103xb.o(RESET) refers to stm32f1xx_it.o(i.MemManage_Handler) for MemManage_Handler
    startup_stm32f103xb.o(RESET) refers to stm32f1xx_it.o(i.BusFault_Handler) for BusFault_Handler
    startup_stm32f103xb.o(RESET) refers to stm32f1xx_it.o(i.UsageFault_Handler) for UsageFault_Handler
    startup_stm32f103xb.o(RESET) refers to stm32f1xx_it.o(i.SVC_Handler) for SVC_Handler
    startup_stm32f103xb.o(RESET) refers to stm32f1xx_it.o(i.DebugMon_Handler) for DebugMon_Handler
    startup_stm32f103xb.o(RESET) refers to stm32f1xx_it.o(i.PendSV_Handler) for PendSV_Handler
    startup_stm32f103xb.o(RESET) refers to stm32f1xx_it.o(i.SysTick_Handler) for SysTick_Handler
    startup_stm32f103xb.o(RESET) refers to stm32f1xx_it.o(i.EXTI3_IRQHandler) for EXTI3_IRQHandler
    startup_stm32f103xb.o(RESET) refers to stm32f1xx_it.o(i.EXTI4_IRQHandler) for EXTI4_IRQHandler
    startup_stm32f103xb.o(RESET) refers to stm32f1xx_it.o(i.EXTI9_5_IRQHandler) for EXTI9_5_IRQHandler
    startup_stm32f103xb.o(RESET) refers to stm32f1xx_it.o(i.EXTI15_10_IRQHandler) for EXTI15_10_IRQHandler
    startup_stm32f103xb.o(.text) refers to system_stm32f1xx.o(i.SystemInit) for SystemInit
    startup_stm32f103xb.o(.text) refers to entry.o(.ARM.Collect$$$$00000000) for __main
    main.o(i.ESP_SPI_write) refers to stm32f1xx_hal_gpio.o(i.HAL_GPIO_WritePin) for HAL_GPIO_WritePin
    main.o(i.ESP_SPI_write) refers to stm32f1xx_hal_spi.o(i.HAL_SPI_Transmit) for HAL_SPI_Transmit
    main.o(i.ESP_SPI_write) refers to stm32f1xx_hal_spi.o(i.HAL_SPI_GetState) for HAL_SPI_GetState
    main.o(i.ESP_write_data) refers to stm32f1xx_hal_gpio.o(i.HAL_GPIO_WritePin) for HAL_GPIO_WritePin
    main.o(i.ESP_write_data) refers to stm32f1xx_hal_spi.o(i.HAL_SPI_Transmit) for HAL_SPI_Transmit
    main.o(i.ESP_write_data) refers to stm32f1xx_hal_spi.o(i.HAL_SPI_GetState) for HAL_SPI_GetState
    main.o(i.Error_Handler) refers to printf1.o(i.__0sprintf$1) for __2sprintf
    main.o(i.Error_Handler) refers to strlen.o(.text) for strlen
    main.o(i.Error_Handler) refers to main.o(i.printLine) for printLine
    main.o(i.Error_Handler) refers to main.o(.bss) for .bss
    main.o(i.MX_GPIO_Init) refers to stm32f1xx_hal_gpio.o(i.HAL_GPIO_WritePin) for HAL_GPIO_WritePin
    main.o(i.MX_GPIO_Init) refers to stm32f1xx_hal_gpio.o(i.HAL_GPIO_Init) for HAL_GPIO_Init
    main.o(i.MX_GPIO_Init) refers to stm32f1xx_hal_cortex.o(i.HAL_NVIC_SetPriority) for HAL_NVIC_SetPriority
    main.o(i.MX_GPIO_Init) refers to stm32f1xx_hal_cortex.o(i.HAL_NVIC_EnableIRQ) for HAL_NVIC_EnableIRQ
    main.o(i.MX_SPI1_Init) refers to stm32f1xx_hal_spi.o(i.HAL_SPI_Init) for HAL_SPI_Init
    main.o(i.MX_SPI1_Init) refers to main.o(i.Error_Handler) for Error_Handler
    main.o(i.MX_SPI1_Init) refers to main.o(.bss) for .bss
    main.o(i.MX_USART1_UART_Init) refers to stm32f1xx_hal_uart.o(i.HAL_UART_Init) for HAL_UART_Init
    main.o(i.MX_USART1_UART_Init) refers to main.o(i.Error_Handler) for Error_Handler
    main.o(i.MX_USART1_UART_Init) refers to main.o(.bss) for .bss
    main.o(i.SystemClock_Config) refers to memseta.o(.text) for __aeabi_memclr4
    main.o(i.SystemClock_Config) refers to stm32f1xx_hal_rcc.o(i.HAL_RCC_OscConfig) for HAL_RCC_OscConfig
    main.o(i.SystemClock_Config) refers to main.o(i.Error_Handler) for Error_Handler
    main.o(i.SystemClock_Config) refers to stm32f1xx_hal_rcc.o(i.HAL_RCC_ClockConfig) for HAL_RCC_ClockConfig
    main.o(i.SystemClock_Config) refers to main.o(.conststring) for .conststring
    main.o(i.accelerometer_get_samples) refers to adxl345.o(i.ADXL345_setInterrupt) for ADXL345_setInterrupt
    main.o(i.accelerometer_get_samples) refers to adxl345.o(i.ADXL345_getInterfaceState) for ADXL345_getInterfaceState
    main.o(i.accelerometer_get_samples) refers to adxl345.o(i.ADXL345_readAccel) for ADXL345_readAccel
    main.o(i.accelerometer_get_samples) refers to adxl345.o(i.ADXL345_getInterruptSourceWithInt) for ADXL345_getInterruptSourceWithInt
    main.o(i.accelerometer_get_samples) refers to stm32f1xx_hal.o(i.HAL_SuspendTick) for HAL_SuspendTick
    main.o(i.accelerometer_get_samples) refers to stm32f1xx_hal_pwr.o(i.HAL_PWR_EnterSLEEPMode) for HAL_PWR_EnterSLEEPMode
    main.o(i.accelerometer_get_samples) refers to stm32f1xx_hal.o(i.HAL_ResumeTick) for HAL_ResumeTick
    main.o(i.accelerometer_get_samples) refers to adxl345.o(i.ADXL345_getInterruptSource) for ADXL345_getInterruptSource
[...]
    Removing statisticsfunctions.o(.rrx_text), (6 bytes).
    Removing statisticsfunctions.o(i.arm_absmax_f32), (68 bytes).
    Removing statisticsfunctions.o(i.arm_absmax_q15), (88 bytes).
    Removing statisticsfunctions.o(i.arm_absmax_q31), (80 bytes).
    Removing statisticsfunctions.o(i.arm_absmax_q7), (76 bytes).
    Removing statisticsfunctions.o(i.arm_absmin_f32), (68 bytes).
    Removing statisticsfunctions.o(i.arm_absmin_q15), (88 bytes).
    Removing statisticsfunctions.o(i.arm_absmin_q31), (80 bytes).
    Removing statisticsfunctions.o(i.arm_absmin_q7), (76 bytes).
    Removing statisticsfunctions.o(i.arm_entropy_f32), (48 bytes).
    Removing statisticsfunctions.o(i.arm_entropy_f64), (64 bytes).
    Removing statisticsfunctions.o(i.arm_kullback_leibler_f32), (60 bytes).
    Removing statisticsfunctions.o(i.arm_kullback_leibler_f64), (76 bytes).
    Removing statisticsfunctions.o(i.arm_logsumexp_dot_prod_f32), (26 bytes).
    Removing statisticsfunctions.o(i.arm_logsumexp_f32), (86 bytes).
    Removing statisticsfunctions.o(i.arm_max_f32), (58 bytes).
    Removing statisticsfunctions.o(i.arm_max_no_idx_f32), (44 bytes).
    Removing statisticsfunctions.o(i.arm_max_q15), (36 bytes).
    Removing statisticsfunctions.o(i.arm_max_q31), (32 bytes).
    Removing statisticsfunctions.o(i.arm_max_q7), (36 bytes).
    Removing statisticsfunctions.o(i.arm_mean_f32), (56 bytes).
    Removing statisticsfunctions.o(i.arm_mean_q15), (28 bytes).
    Removing statisticsfunctions.o(i.arm_mean_q31), (44 bytes).
    Removing statisticsfunctions.o(i.arm_mean_q7), (28 bytes).
    Removing statisticsfunctions.o(i.arm_min_f32), (58 bytes).
    Removing statisticsfunctions.o(i.arm_min_q15), (36 bytes).
    Removing statisticsfunctions.o(i.arm_min_q31), (32 bytes).
    Removing statisticsfunctions.o(i.arm_min_q7), (36 bytes).
    Removing statisticsfunctions.o(i.arm_power_f32), (42 bytes).
    Removing statisticsfunctions.o(i.arm_power_q15), (34 bytes).
    Removing statisticsfunctions.o(i.arm_power_q31), (40 bytes).
    Removing statisticsfunctions.o(i.arm_power_q7), (26 bytes).
    Removing statisticsfunctions.o(i.arm_rms_f32), (72 bytes).
    Removing statisticsfunctions.o(i.arm_rms_q15), (66 bytes).
    Removing statisticsfunctions.o(i.arm_rms_q31), (68 bytes).
    Removing statisticsfunctions.o(i.arm_std_f32), (30 bytes).
    Removing statisticsfunctions.o(i.arm_std_q15), (106 bytes).
    Removing statisticsfunctions.o(i.arm_std_q31), (124 bytes).
    Removing statisticsfunctions.o(i.arm_var_f32), (128 bytes).
    Removing statisticsfunctions.o(i.arm_var_q15), (96 bytes).
    Removing statisticsfunctions.o(i.arm_var_q31), (120 bytes).
    Removing statisticsfunctionsf16.o(.rev16_text), (4 bytes).
    Removing statisticsfunctionsf16.o(.revsh_text), (4 bytes).
    Removing statisticsfunctionsf16.o(.rrx_text), (6 bytes).
    Removing supportfunctions.o(.rev16_text), (4 bytes).
    Removing supportfunctions.o(.revsh_text), (4 bytes).
    Removing supportfunctions.o(.rrx_text), (6 bytes).
    Removing supportfunctions.o(i.arm_barycenter_f32), (118 bytes).
    Removing supportfunctions.o(i.arm_bitonic_sort_core_f32), (132 bytes).
    Removing supportfunctions.o(i.arm_bitonic_sort_f32), (80 bytes).
    Removing supportfunctions.o(i.arm_bubble_sort_f32), (106 bytes).
    Removing supportfunctions.o(i.arm_copy_f32), (14 bytes).
    Removing supportfunctions.o(i.arm_copy_q15), (20 bytes).
    Removing supportfunctions.o(i.arm_copy_q31), (14 bytes).
    Removing supportfunctions.o(i.arm_copy_q7), (20 bytes).
    Removing supportfunctions.o(i.arm_fill_f32), (12 bytes).
    Removing supportfunctions.o(i.arm_fill_q15), (16 bytes).
    Removing supportfunctions.o(i.arm_fill_q31), (12 bytes).
    Removing supportfunctions.o(i.arm_fill_q7), (16 bytes).
    Removing supportfunctions.o(i.arm_float_to_q15), (40 bytes).
    Removing supportfunctions.o(i.arm_float_to_q31), (48 bytes).
    Removing supportfunctions.o(i.arm_float_to_q7), (40 bytes).
    Removing supportfunctions.o(i.arm_heap_sort_f32), (86 bytes).
    Removing supportfunctions.o(i.arm_heapify), (114 bytes).
    Removing supportfunctions.o(i.arm_insertion_sort_f32), (96 bytes).
    Removing supportfunctions.o(i.arm_merge_sort_core_f32), (126 bytes).
    Removing supportfunctions.o(i.arm_merge_sort_f32), (60 bytes).
    Removing supportfunctions.o(i.arm_merge_sort_init_f32), (6 bytes).
    Removing supportfunctions.o(i.arm_q15_to_float), (42 bytes).
    Removing supportfunctions.o(i.arm_q15_to_q31), (20 bytes).
    Removing supportfunctions.o(i.arm_q15_to_q7), (22 bytes).
    Removing supportfunctions.o(i.arm_q31_to_float), (40 bytes).
    Removing supportfunctions.o(i.arm_q31_to_q15), (18 bytes).
    Removing supportfunctions.o(i.arm_q31_to_q7), (18 bytes).
    Removing supportfunctions.o(i.arm_q7_to_float), (42 bytes).
    Removing supportfunctions.o(i.arm_q7_to_q15), (22 bytes).
    Removing supportfunctions.o(i.arm_q7_to_q31), (20 bytes).
    Removing supportfunctions.o(i.arm_quick_sort_core_f32), (150 bytes).
    Removing supportfunctions.o(i.arm_quick_sort_f32), (40 bytes).
    Removing supportfunctions.o(i.arm_selection_sort_f32), (106 bytes).
    Removing supportfunctions.o(i.arm_sort_f32), (58 bytes).
    Removing supportfunctions.o(i.arm_sort_init_f32), (6 bytes).
    Removing supportfunctions.o(i.arm_weighted_sum_f32), (72 bytes).
    Removing supportfunctionsf16.o(.rev16_text), (4 bytes).
    Removing supportfunctionsf16.o(.revsh_text), (4 bytes).
    Removing supportfunctionsf16.o(.rrx_text), (6 bytes).
    Removing transformfunctions.o(.rev16_text), (4 bytes).
    Removing transformfunctions.o(.revsh_text), (4 bytes).
    Removing transformfunctions.o(.rrx_text), (6 bytes).
    Removing transformfunctions.o(i.arm_bitreversal_16), (64 bytes).
    Removing transformfunctions.o(i.arm_bitreversal_32), (62 bytes).
    Removing transformfunctions.o(i.arm_bitreversal_64), (108 bytes).
    Removing transformfunctions.o(i.arm_bitreversal_f32), (172 bytes).
    Removing transformfunctions.o(i.arm_bitreversal_q15), (102 bytes).
    Removing transformfunctions.o(i.arm_bitreversal_q31), (170 bytes).
    Removing transformfunctions.o(i.arm_cfft_f32), (202 bytes).
    Removing transformfunctions.o(i.arm_cfft_f64), (216 bytes).
    Removing transformfunctions.o(i.arm_cfft_init_f32), (148 bytes).
    Removing transformfunctions.o(i.arm_cfft_init_f64), (148 bytes).
    Removing transformfunctions.o(i.arm_cfft_init_q15), (148 bytes).
    Removing transformfunctions.o(i.arm_cfft_init_q31), (148 bytes).
    Removing transformfunctions.o(i.arm_cfft_q15), (172 bytes).
    Removing transformfunctions.o(i.arm_cfft_q31), (172 bytes).
    Removing transformfunctions.o(i.arm_cfft_radix2_f32), (62 bytes).
    Removing transformfunctions.o(i.arm_cfft_radix2_init_f32), (248 bytes).
    Removing transformfunctions.o(i.arm_cfft_radix2_init_q15), (192 bytes).
    Removing transformfunctions.o(i.arm_cfft_radix2_init_q31), (192 bytes).
    Removing transformfunctions.o(i.arm_cfft_radix2_q15), (46 bytes).
    Removing transformfunctions.o(i.arm_cfft_radix2_q31), (46 bytes).
    Removing transformfunctions.o(i.arm_cfft_radix4_f32), (62 bytes).
    Removing transformfunctions.o(i.arm_cfft_radix4_init_f32), (156 bytes).
    Removing transformfunctions.o(i.arm_cfft_radix4_init_q15), (124 bytes).
    Removing transformfunctions.o(i.arm_cfft_radix4_init_q31), (124 bytes).
    Removing transformfunctions.o(i.arm_cfft_radix4_q15), (54 bytes).
    Removing transformfunctions.o(i.arm_cfft_radix4_q31), (54 bytes).
    Removing transformfunctions.o(i.arm_cfft_radix4by2_f64), (294 bytes).
    Removing transformfunctions.o(i.arm_cfft_radix4by2_inverse_q15), (206 bytes).
    Removing transformfunctions.o(i.arm_cfft_radix4by2_inverse_q31), (234 bytes).
    Removing transformfunctions.o(i.arm_cfft_radix4by2_q15), (206 bytes).
    Removing transformfunctions.o(i.arm_cfft_radix4by2_q31), (234 bytes).
    Removing transformfunctions.o(i.arm_cfft_radix8by2_f32), (606 bytes).
    Removing transformfunctions.o(i.arm_cfft_radix8by4_f32), (1692 bytes).
    Removing transformfunctions.o(i.arm_dct4_f32), (162 bytes).
    Removing transformfunctions.o(i.arm_dct4_init_f32), (132 bytes).
    Removing transformfunctions.o(i.arm_dct4_init_q15), (128 bytes).
    Removing transformfunctions.o(i.arm_dct4_init_q31), (128 bytes).
    Removing transformfunctions.o(i.arm_dct4_q15), (184 bytes).
    Removing transformfunctions.o(i.arm_dct4_q31), (170 bytes).
    Removing transformfunctions.o(i.arm_radix2_butterfly_f32), (244 bytes).
    Removing transformfunctions.o(i.arm_radix2_butterfly_inverse_f32), (386 bytes).
    Removing transformfunctions.o(i.arm_radix2_butterfly_inverse_q15), (446 bytes).
    Removing transformfunctions.o(i.arm_radix2_butterfly_inverse_q31), (538 bytes).
    Removing transformfunctions.o(i.arm_radix2_butterfly_q15), (454 bytes).
    Removing transformfunctions.o(i.arm_radix2_butterfly_q31), (532 bytes).
    Removing transformfunctions.o(i.arm_radix4_butterfly_f32), (554 bytes).
    Removing transformfunctions.o(i.arm_radix4_butterfly_f64), (708 bytes).
    Removing transformfunctions.o(i.arm_radix4_butterfly_inverse_f32), (890 bytes).
    Removing transformfunctions.o(i.arm_radix4_butterfly_inverse_q15), (1458 bytes).
    Removing transformfunctions.o(i.arm_radix4_butterfly_inverse_q31), (992 bytes).
    Removing transformfunctions.o(i.arm_radix4_butterfly_q15), (1436 bytes).
    Removing transformfunctions.o(i.arm_radix4_butterfly_q31), (992 bytes).
    Removing transformfunctions.o(i.arm_radix8_butterfly_f32), (2184 bytes).
    Removing transformfunctions.o(i.arm_rfft_1024_fast_init_f32), (44 bytes).
    Removing transformfunctions.o(i.arm_rfft_1024_fast_init_f64), (52 bytes).
    Removing transformfunctions.o(i.arm_rfft_128_fast_init_f32), (40 bytes).
    Removing transformfunctions.o(i.arm_rfft_128_fast_init_f64), (48 bytes).
    Removing transformfunctions.o(i.arm_rfft_2048_fast_init_f32), (44 bytes).
    Removing transformfunctions.o(i.arm_rfft_2048_fast_init_f64), (52 bytes).
    Removing transformfunctions.o(i.arm_rfft_256_fast_init_f32), (40 bytes).
    Removing transformfunctions.o(i.arm_rfft_256_fast_init_f64), (48 bytes).
    Removing transformfunctions.o(i.arm_rfft_32_fast_init_f32), (40 bytes).
    Removing transformfunctions.o(i.arm_rfft_32_fast_init_f64), (48 bytes).
    Removing transformfunctions.o(i.arm_rfft_4096_fast_init_f32), (44 bytes).
    Removing transformfunctions.o(i.arm_rfft_4096_fast_init_f64), (52 bytes).
    Removing transformfunctions.o(i.arm_rfft_512_fast_init_f32), (44 bytes).
    Removing transformfunctions.o(i.arm_rfft_512_fast_init_f64), (52 bytes).
    Removing transformfunctions.o(i.arm_rfft_64_fast_init_f32), (40 bytes).
    Removing transformfunctions.o(i.arm_rfft_64_fast_init_f64), (48 bytes).
    Removing transformfunctions.o(i.arm_rfft_f32), (130 bytes).
    Removing transformfunctions.o(i.arm_rfft_fast_f32), (56 bytes).
    Removing transformfunctions.o(i.arm_rfft_fast_f64), (68 bytes).
    Removing transformfunctions.o(i.arm_rfft_fast_init_f32), (120 bytes).
    Removing transformfunctions.o(i.arm_rfft_fast_init_f64), (120 bytes).
    Removing transformfunctions.o(i.arm_rfft_init_f32), (116 bytes).
    Removing transformfunctions.o(i.arm_rfft_init_q15), (200 bytes).
    Removing transformfunctions.o(i.arm_rfft_init_q31), (200 bytes).
    Removing transformfunctions.o(i.arm_rfft_q15), (100 bytes).
    Removing transformfunctions.o(i.arm_rfft_q31), (100 bytes).
    Removing transformfunctions.o(i.arm_split_rfft_f32), (298 bytes).
    Removing transformfunctions.o(i.arm_split_rfft_q15), (236 bytes).
    Removing transformfunctions.o(i.arm_split_rfft_q31), (356 bytes).
    Removing transformfunctions.o(i.arm_split_rifft_f32), (200 bytes).
    Removing transformfunctions.o(i.arm_split_rifft_q15), (114 bytes).
    Removing transformfunctions.o(i.arm_split_rifft_q31), (240 bytes).
    Removing transformfunctions.o(i.merge_rfft_f32), (238 bytes).
    Removing transformfunctions.o(i.merge_rfft_f64), (324 bytes).
    Removing transformfunctions.o(i.stage_rfft_f32), (252 bytes).
    Removing transformfunctions.o(i.stage_rfft_f64), (360 bytes).
    Removing transformfunctionsf16.o(.rev16_text), (4 bytes).
    Removing transformfunctionsf16.o(.revsh_text), (4 bytes).
    Removing transformfunctionsf16.o(.rrx_text), (6 bytes).
    Removing fadd.o(.text), (176 bytes).
    Removing fmul.o(.text), (100 bytes).
    Removing fdiv.o(.text), (124 bytes).
    Removing fscalb.o(.text), (24 bytes).
    Removing dadd.o(.text), (334 bytes).
    Removing dmul.o(.text), (228 bytes).
    Removing ddiv.o(.text), (222 bytes).
    Removing dscalb.o(.text), (46 bytes).
    Removing fflti.o(.text), (18 bytes).
    Removing ffltui.o(.text), (10 bytes).
    Removing dflti.o(.text), (34 bytes).
    Removing dfltui.o(.text), (26 bytes).
    Removing ffixi.o(.text), (50 bytes).
    Removing ffixui.o(.text), (40 bytes).
    Removing ffixl.o(.text), (66 bytes).
    Removing dfixi.o(.text), (62 bytes).
    Removing f2d.o(.text), (38 bytes).
    Removing cdcmple.o(.text), (48 bytes).
    Removing cdrcmple.o(.text), (48 bytes).
    Removing d2f.o(.text), (56 bytes).
    Removing cfcmple.o(.text), (20 bytes).
    Removing cfrcmple.o(.text), (20 bytes).
    Removing fepilogue.o(.text), (110 bytes).
    Removing fsqrt.o(.text), (94 bytes).
    Removing frnd.o(.text), (60 bytes).
    Removing depilogue.o(.text), (186 bytes).
    Removing dsqrt.o(.text), (162 bytes).
    Removing dfixul.o(.text), (48 bytes).
    Removing ffixir.o(.text), (76 bytes).
    Removing fpstat.o(.text), (4 bytes).

1183 unused section(s) (total 1020954 bytes) removed from the image.

==============================================================================

Image Symbol Table

    Local Symbols

    Symbol Name                              Value     Ov Type        Size  Object(Section)

    ../Drivers/STM32F1xx_HAL_Driver/Src/stm32f1xx_hal.c 0x00000000   Number         0  stm32f1xx_hal.o ABSOLUTE
    ../Drivers/STM32F1xx_HAL_Driver/Src/stm32f1xx_hal_cortex.c 0x00000000   Number         0  stm32f1xx_hal_cortex.o ABSOLUTE
    ../Drivers/STM32F1xx_HAL_Driver/Src/stm32f1xx_hal_dma.c 0x00000000   Number         0  stm32f1xx_hal_dma.o ABSOLUTE
    ../Drivers/STM32F1xx_HAL_Driver/Src/stm32f1xx_hal_exti.c 0x00000000   Number         0  stm32f1xx_hal_exti.o ABSOLUTE
    ../Drivers/STM32F1xx_HAL_Driver/Src/stm32f1xx_hal_flash.c 0x00000000   Number         0  stm32f1xx_hal_flash.o ABSOLUTE
    ../Drivers/STM32F1xx_HAL_Driver/Src/stm32f1xx_hal_flash_ex.c 0x00000000   Number         0  stm32f1xx_hal_flash_ex.o ABSOLUTE
    ../Drivers/STM32F1xx_HAL_Driver/Src/stm32f1xx_hal_gpio.c 0x00000000   Number         0  stm32f1xx_hal_gpio.o ABSOLUTE
    ../Drivers/STM32F1xx_HAL_Driver/Src/stm32f1xx_hal_gpio_ex.c 0x00000000   Number         0  stm32f1xx_hal_gpio_ex.o ABSOLUTE
    ../Drivers/STM32F1xx_HAL_Driver/Src/stm32f1xx_hal_pwr.c 0x00000000   Number         0  stm32f1xx_hal_pwr.o ABSOLUTE
    ../Drivers/STM32F1xx_HAL_Driver/Src/stm32f1xx_hal_rcc.c 0x00000000   Number         0  stm32f1xx_hal_rcc.o ABSOLUTE
    ../Drivers/STM32F1xx_HAL_Driver/Src/stm32f1xx_hal_rcc_ex.c 0x00000000   Number         0  stm32f1xx_hal_rcc_ex.o ABSOLUTE
    ../Drivers/STM32F1xx_HAL_Driver/Src/stm32f1xx_hal_spi.c 0x00000000   Number         0  stm32f1xx_hal_spi.o ABSOLUTE
    ../Drivers/STM32F1xx_HAL_Driver/Src/stm32f1xx_hal_tim.c 0x00000000   Number         0  stm32f1xx_hal_tim.o ABSOLUTE
    ../Drivers/STM32F1xx_HAL_Driver/Src/stm32f1xx_hal_tim_ex.c 0x00000000   Number         0  stm32f1xx_hal_tim_ex.o ABSOLUTE
    ../Drivers/STM32F1xx_HAL_Driver/Src/stm32f1xx_hal_uart.c 0x00000000   Number         0  stm32f1xx_hal_uart.o ABSOLUTE
    ../Src/main.c                            0x00000000   Number         0  main.o ABSOLUTE
    ../Src/stm32f1xx_hal_msp.c               0x00000000   Number         0  stm32f1xx_hal_msp.o ABSOLUTE
    ../Src/stm32f1xx_it.c                    0x00000000   Number         0  stm32f1xx_it.o ABSOLUTE
    ../Src/system_stm32f1xx.c                0x00000000   Number         0  system_stm32f1xx.o ABSOLUTE
    ../clib/microlib/division.c              0x00000000   Number         0  uidiv.o ABSOLUTE
    ../clib/microlib/division.c              0x00000000   Number         0  ldiv.o ABSOLUTE
    ../clib/microlib/division.c              0x00000000   Number         0  uldiv.o ABSOLUTE
    ../clib/microlib/errno.c                 0x00000000   Number         0  errno.o ABSOLUTE
    ../clib/microlib/init/entry.s            0x00000000   Number         0  entry12b.o ABSOLUTE
    ../clib/microlib/init/entry.s            0x00000000   Number         0  entry12a.o ABSOLUTE
    ../clib/microlib/init/entry.s            0x00000000   Number         0  entry11b.o ABSOLUTE
    ../clib/microlib/init/entry.s            0x00000000   Number         0  entry7a.o ABSOLUTE
    ../clib/microlib/init/entry.s            0x00000000   Number         0  entry11a.o ABSOLUTE
    ../clib/microlib/init/entry.s            0x00000000   Number         0  entry10b.o ABSOLUTE
    ../clib/microlib/init/entry.s            0x00000000   Number         0  entry10a.o ABSOLUTE
    ../clib/microlib/init/entry.s            0x00000000   Number         0  entry7b.o ABSOLUTE
    ../clib/microlib/init/entry.s            0x00000000   Number         0  entry.o ABSOLUTE
    ../clib/microlib/init/entry.s            0x00000000   Number         0  entry2.o ABSOLUTE
    ../clib/microlib/init/entry.s            0x00000000   Number         0  entry8a.o ABSOLUTE
    ../clib/microlib/init/entry.s            0x00000000   Number         0  entry8b.o ABSOLUTE
    ../clib/microlib/init/entry.s            0x00000000   Number         0  entry5.o ABSOLUTE
    ../clib/microlib/init/entry.s            0x00000000   Number         0  entry9a.o ABSOLUTE
    ../clib/microlib/init/entry.s            0x00000000   Number         0  entry9b.o ABSOLUTE
    ../clib/microlib/longlong.c              0x00000000   Number         0  llshl.o ABSOLUTE
    ../clib/microlib/longlong.c              0x00000000   Number         0  llushr.o ABSOLUTE
    ../clib/microlib/longlong.c              0x00000000   Number         0  llsshr.o ABSOLUTE
    ../clib/microlib/printf/printf.c         0x00000000   Number         0  printf2.o ABSOLUTE
    ../clib/microlib/printf/printf.c         0x00000000   Number         0  printf1.o ABSOLUTE
    ../clib/microlib/printf/printf.c         0x00000000   Number         0  printf0.o ABSOLUTE
    ../clib/microlib/printf/printf.c         0x00000000   Number         0  printf4.o ABSOLUTE
    ../clib/microlib/printf/printf.c         0x00000000   Number         0  printfb.o ABSOLUTE
    ../clib/microlib/printf/printf.c         0x00000000   Number         0  printfa.o ABSOLUTE
    ../clib/microlib/printf/printf.c         0x00000000   Number         0  printf8.o ABSOLUTE
    ../clib/microlib/printf/printf.c         0x00000000   Number         0  printf7.o ABSOLUTE
    ../clib/microlib/printf/printf.c         0x00000000   Number         0  printf6.o ABSOLUTE
    ../clib/microlib/printf/printf.c         0x00000000   Number         0  printf5.o ABSOLUTE
    ../clib/microlib/printf/printf.c         0x00000000   Number         0  printf3.o ABSOLUTE
    ../clib/microlib/printf/stubs.s          0x00000000   Number         0  stubs.o ABSOLUTE
    ../clib/microlib/stdio/fputc.c           0x00000000   Number         0  fputc.o ABSOLUTE
    ../clib/microlib/stdio/semi.s            0x00000000   Number         0  semi.o ABSOLUTE
    ../clib/microlib/stdio/streams.c         0x00000000   Number         0  stdout.o ABSOLUTE
    ../clib/microlib/stdlib/rand.c           0x00000000   Number         0  rand.o ABSOLUTE
    ../clib/microlib/string/memcpy.c         0x00000000   Number         0  memcpya.o ABSOLUTE
    ../clib/microlib/string/memcpy.c         0x00000000   Number         0  memcpyb.o ABSOLUTE
    ../clib/microlib/string/memset.c         0x00000000   Number         0  memseta.o ABSOLUTE
    ../clib/microlib/string/strlen.c         0x00000000   Number         0  strlen.o ABSOLUTE
    ../clib/microlib/stubs.s                 0x00000000   Number         0  iusefp.o ABSOLUTE
    ../clib/microlib/stubs.s                 0x00000000   Number         0  iusesemip.o ABSOLUTE
    ../fplib/microlib/d2f.c                  0x00000000   Number         0  d2f.o ABSOLUTE
    ../fplib/microlib/f2d.c                  0x00000000   Number         0  f2d.o ABSOLUTE
    ../fplib/microlib/fpadd.c                0x00000000   Number         0  fadd.o ABSOLUTE
    ../fplib/microlib/fpadd.c                0x00000000   Number         0  dadd.o ABSOLUTE
    ../fplib/microlib/fpdiv.c                0x00000000   Number         0  ddiv.o ABSOLUTE
    ../fplib/microlib/fpdiv.c                0x00000000   Number         0  fdiv.o ABSOLUTE
    ../fplib/microlib/fpepilogue.c           0x00000000   Number         0  fepilogue.o ABSOLUTE
    ../fplib/microlib/fpepilogue.c           0x00000000   Number         0  depilogue.o ABSOLUTE
    ../fplib/microlib/fpfix.c                0x00000000   Number         0  ffixi.o ABSOLUTE
    ../fplib/microlib/fpfix.c                0x00000000   Number         0  ffixl.o ABSOLUTE
    ../fplib/microlib/fpfix.c                0x00000000   Number         0  dfixi.o ABSOLUTE
    ../fplib/microlib/fpfix.c                0x00000000   Number         0  ffixui.o ABSOLUTE
    ../fplib/microlib/fpfix.c                0x00000000   Number         0  ffixir.o ABSOLUTE
    ../fplib/microlib/fpfix.c                0x00000000   Number         0  dfixul.o ABSOLUTE
    ../fplib/microlib/fpflt.c                0x00000000   Number         0  dfltui.o ABSOLUTE
    ../fplib/microlib/fpflt.c                0x00000000   Number         0  fflti.o ABSOLUTE
    ../fplib/microlib/fpflt.c                0x00000000   Number         0  ffltui.o ABSOLUTE
    ../fplib/microlib/fpflt.c                0x00000000   Number         0  dflti.o ABSOLUTE
    ../fplib/microlib/fpmul.c                0x00000000   Number         0  dmul.o ABSOLUTE
    ../fplib/microlib/fpmul.c                0x00000000   Number         0  fmul.o ABSOLUTE
    ../fplib/microlib/fprnd.c                0x00000000   Number         0  frnd.o ABSOLUTE
    ../fplib/microlib/fpscalb.c              0x00000000   Number         0  dscalb.o ABSOLUTE
    ../fplib/microlib/fpscalb.c              0x00000000   Number         0  fscalb.o ABSOLUTE
    ../fplib/microlib/fpsqrt.c               0x00000000   Number         0  dsqrt.o ABSOLUTE
    ../fplib/microlib/fpsqrt.c               0x00000000   Number         0  fsqrt.o ABSOLUTE
    ../fplib/microlib/fpstat.c               0x00000000   Number         0  fpstat.o ABSOLUTE
    ../mathlib/atan.c                        0x00000000   Number         0  atan.o ABSOLUTE
    ../mathlib/atan.c                        0x00000000   Number         0  atan_x.o ABSOLUTE
    ../mathlib/atan2.c                       0x00000000   Number         0  atan2_x.o ABSOLUTE
    ../mathlib/atan2.c                       0x00000000   Number         0  atan2.o ABSOLUTE
    ../mathlib/dunder.c                      0x00000000   Number         0  dunder.o ABSOLUTE
    ../mathlib/expf.c                        0x00000000   Number         0  expf_x.o ABSOLUTE
    ../mathlib/expf.c                        0x00000000   Number         0  expf.o ABSOLUTE
    ../mathlib/fpclassify.c                  0x00000000   Number         0  fpclassify.o ABSOLUTE
    ../mathlib/fpclassifyf.c                 0x00000000   Number         0  fpclassifyf.o ABSOLUTE
    ../mathlib/funder.c                      0x00000000   Number         0  funder.o ABSOLUTE
    ../mathlib/log.c                         0x00000000   Number         0  log.o ABSOLUTE
    ../mathlib/log.c                         0x00000000   Number         0  log_x.o ABSOLUTE
    ../mathlib/logf.c                        0x00000000   Number         0  logf_x.o ABSOLUTE
    ../mathlib/logf.c                        0x00000000   Number         0  logf.o ABSOLUTE
    ../mathlib/poly.c                        0x00000000   Number         0  poly.o ABSOLUTE
    ../mathlib/pow.c                         0x00000000   Number         0  pow_x.o ABSOLUTE
    ../mathlib/pow.c                         0x00000000   Number         0  pow.o ABSOLUTE
    ../mathlib/powf.c                        0x00000000   Number         0  powf_x.o ABSOLUTE
    ../mathlib/powf.c                        0x00000000   Number         0  powf.o ABSOLUTE
    ../mathlib/qnan.c                        0x00000000   Number         0  qnan.o ABSOLUTE
    ../mathlib/sqrt.c                        0x00000000   Number         0  sqrt_x.o ABSOLUTE
    ../mathlib/sqrt.c                        0x00000000   Number         0  sqrt.o ABSOLUTE
    ../mathlib/sqrtf.c                       0x00000000   Number         0  sqrtf.o ABSOLUTE
    ../mathlib/sqrtf.c                       0x00000000   Number         0  sqrtf_x.o ABSOLUTE
    ../mathlib/tanhf.c                       0x00000000   Number         0  tanhf.o ABSOLUTE
    ../mathlib/tanhf.c                       0x00000000   Number         0  tanhf_x.o ABSOLUTE
    ..\Drivers\STM32F1xx_HAL_Driver\Src\stm32f1xx_hal.c 0x00000000   Number         0  stm32f1xx_hal.o ABSOLUTE
    ..\Drivers\STM32F1xx_HAL_Driver\Src\stm32f1xx_hal_cortex.c 0x00000000   Number         0  stm32f1xx_hal_cortex.o ABSOLUTE
    ..\Drivers\STM32F1xx_HAL_Driver\Src\stm32f1xx_hal_dma.c 0x00000000   Number         0  stm32f1xx_hal_dma.o ABSOLUTE
    ..\Drivers\STM32F1xx_HAL_Driver\Src\stm32f1xx_hal_exti.c 0x00000000   Number         0  stm32f1xx_hal_exti.o ABSOLUTE
    ..\Drivers\STM32F1xx_HAL_Driver\Src\stm32f1xx_hal_flash.c 0x00000000   Number         0  stm32f1xx_hal_flash.o ABSOLUTE
    ..\Drivers\STM32F1xx_HAL_Driver\Src\stm32f1xx_hal_flash_ex.c 0x00000000   Number         0  stm32f1xx_hal_flash_ex.o ABSOLUTE
    ..\Drivers\STM32F1xx_HAL_Driver\Src\stm32f1xx_hal_gpio.c 0x00000000   Number         0  stm32f1xx_hal_gpio.o ABSOLUTE
    ..\Drivers\STM32F1xx_HAL_Driver\Src\stm32f1xx_hal_gpio_ex.c 0x00000000   Number         0  stm32f1xx_hal_gpio_ex.o ABSOLUTE
    ..\Drivers\STM32F1xx_HAL_Driver\Src\stm32f1xx_hal_pwr.c 0x00000000   Number         0  stm32f1xx_hal_pwr.o ABSOLUTE
    ..\Drivers\STM32F1xx_HAL_Driver\Src\stm32f1xx_hal_rcc.c 0x00000000   Number         0  stm32f1xx_hal_rcc.o ABSOLUTE
    ..\Drivers\STM32F1xx_HAL_Driver\Src\stm32f1xx_hal_rcc_ex.c 0x00000000   Number         0  stm32f1xx_hal_rcc_ex.o ABSOLUTE
    ..\Drivers\STM32F1xx_HAL_Driver\Src\stm32f1xx_hal_spi.c 0x00000000   Number         0  stm32f1xx_hal_spi.o ABSOLUTE
    ..\Drivers\STM32F1xx_HAL_Driver\Src\stm32f1xx_hal_tim.c 0x00000000   Number         0  stm32f1xx_hal_tim.o ABSOLUTE
    ..\Drivers\STM32F1xx_HAL_Driver\Src\stm32f1xx_hal_tim_ex.c 0x00000000   Number         0  stm32f1xx_hal_tim_ex.o ABSOLUTE
    ..\Drivers\STM32F1xx_HAL_Driver\Src\stm32f1xx_hal_uart.c 0x00000000   Number         0  stm32f1xx_hal_uart.o ABSOLUTE
    ..\Src\ADXL345.c                         0x00000000   Number         0  adxl345.o ABSOLUTE
    ..\Src\cr4_fft_256_stm32.s               0x00000000   Number         0  cr4_fft_256_stm32.o ABSOLUTE
    ..\Src\lora.c                            0x00000000   Number         0  lora.o ABSOLUTE
    ..\Src\main.c                            0x00000000   Number         0  main.o ABSOLUTE
    ..\Src\stm32f1xx_hal_msp.c               0x00000000   Number         0  stm32f1xx_hal_msp.o ABSOLUTE
    ..\Src\stm32f1xx_it.c                    0x00000000   Number         0  stm32f1xx_it.o ABSOLUTE
    ..\Src\system_stm32f1xx.c                0x00000000   Number         0  system_stm32f1xx.o ABSOLUTE
    ..\\Src\\ADXL345.c                       0x00000000   Number         0  adxl345.o ABSOLUTE
    ..\\Src\\lora.c                          0x00000000   Number         0  lora.o ABSOLUTE
    C:\Users\admin\AppData\Local\Arm\Packs\ARM\CMSIS\5.8.0\CMSIS\DSP\Source\BasicMathFunctions\BasicMathFunctions.c 0x00000000   Number         0  basicmathfunctions.o ABSOLUTE
    C:\Users\admin\AppData\Local\Arm\Packs\ARM\CMSIS\5.8.0\CMSIS\DSP\Source\BasicMathFunctions\BasicMathFunctionsF16.c 0x00000000   Number         0  basicmathfunctionsf16.o ABSOLUTE
    C:\Users\admin\AppData\Local\Arm\Packs\ARM\CMSIS\5.8.0\CMSIS\DSP\Source\BayesFunctions\BayesFunctions.c 0x00000000   Number         0  bayesfunctions.o ABSOLUTE
    C:\Users\admin\AppData\Local\Arm\Packs\ARM\CMSIS\5.8.0\CMSIS\DSP\Source\BayesFunctions\BayesFunctionsF16.c 0x00000000   Number         0  bayesfunctionsf16.o ABSOLUTE
    C:\Users\admin\AppData\Local\Arm\Packs\ARM\CMSIS\5.8.0\CMSIS\DSP\Source\CommonTables\CommonTables.c 0x00000000   Number         0  commontables.o ABSOLUTE
    C:\Users\admin\AppData\Local\Arm\Packs\ARM\CMSIS\5.8.0\CMSIS\DSP\Source\CommonTables\CommonTablesF16.c 0x00000000   Number         0  commontablesf16.o ABSOLUTE
    C:\Users\admin\AppData\Local\Arm\Packs\ARM\CMSIS\5.8.0\CMSIS\DSP\Source\ComplexMathFunctions\ComplexMathFunctions.c 0x00000000   Number         0  complexmathfunctions.o ABSOLUTE
    C:\Users\admin\AppData\Local\Arm\Packs\ARM\CMSIS\5.8.0\CMSIS\DSP\Source\ComplexMathFunctions\ComplexMathFunctionsF16.c 0x00000000   Number         0  complexmathfunctionsf16.o ABSOLUTE
    C:\Users\admin\AppData\Local\Arm\Packs\ARM\CMSIS\5.8.0\CMSIS\DSP\Source\ControllerFunctions\ControllerFunctions.c 0x00000000   Number         0  controllerfunctions.o ABSOLUTE
    C:\Users\admin\AppData\Local\Arm\Packs\ARM\CMSIS\5.8.0\CMSIS\DSP\Source\DistanceFunctions\DistanceFunctions.c 0x00000000   Number         0  distancefunctions.o ABSOLUTE
    C:\Users\admin\AppData\Local\Arm\Packs\ARM\CMSIS\5.8.0\CMSIS\DSP\Source\DistanceFunctions\DistanceFunctionsF16.c 0x00000000   Number         0  distancefunctionsf16.o ABSOLUTE
    C:\Users\admin\AppData\Local\Arm\Packs\ARM\CMSIS\5.8.0\CMSIS\DSP\Source\FastMathFunctions\FastMathFunctions.c 0x00000000   Number         0  fastmathfunctions.o ABSOLUTE
    C:\Users\admin\AppData\Local\Arm\Packs\ARM\CMSIS\5.8.0\CMSIS\DSP\Source\FastMathFunctions\FastMathFunctionsF16.c 0x00000000   Number         0  fastmathfunctionsf16.o ABSOLUTE
    C:\Users\admin\AppData\Local\Arm\Packs\ARM\CMSIS\5.8.0\CMSIS\DSP\Source\FilteringFunctions\FilteringFunctions.c 0x00000000   Number         0  filteringfunctions.o ABSOLUTE
    C:\Users\admin\AppData\Local\Arm\Packs\ARM\CMSIS\5.8.0\CMSIS\DSP\Source\FilteringFunctions\FilteringFunctionsF16.c 0x00000000   Number         0  filteringfunctionsf16.o ABSOLUTE
    C:\Users\admin\AppData\Local\Arm\Packs\ARM\CMSIS\5.8.0\CMSIS\DSP\Source\InterpolationFunctions\InterpolationFunctions.c 0x00000000   Number         0  interpolationfunctions.o ABSOLUTE
    C:\Users\admin\AppData\Local\Arm\Packs\ARM\CMSIS\5.8.0\CMSIS\DSP\Source\InterpolationFunctions\InterpolationFunctionsF16.c 0x00000000   Number         0  interpolationfunctionsf16.o ABSOLUTE
    C:\Users\admin\AppData\Local\Arm\Packs\ARM\CMSIS\5.8.0\CMSIS\DSP\Source\MatrixFunctions\MatrixFunctions.c 0x00000000   Number         0  matrixfunctions.o ABSOLUTE
    C:\Users\admin\AppData\Local\Arm\Packs\ARM\CMSIS\5.8.0\CMSIS\DSP\Source\MatrixFunctions\MatrixFunctionsF16.c 0x00000000   Number         0  matrixfunctionsf16.o ABSOLUTE
    C:\Users\admin\AppData\Local\Arm\Packs\ARM\CMSIS\5.8.0\CMSIS\DSP\Source\QuaternionMathFunctions\QuaternionMathFunctions.c 0x00000000   Number         0  quaternionmathfunctions.o ABSOLUTE
    C:\Users\admin\AppData\Local\Arm\Packs\ARM\CMSIS\5.8.0\CMSIS\DSP\Source\SVMFunctions\SVMFunctions.c 0x00000000   Number         0  svmfunctions.o ABSOLUTE
    C:\Users\admin\AppData\Local\Arm\Packs\ARM\CMSIS\5.8.0\CMSIS\DSP\Source\SVMFunctions\SVMFunctionsF16.c 0x00000000   Number         0  svmfunctionsf16.o ABSOLUTE
    C:\Users\admin\AppData\Local\Arm\Packs\ARM\CMSIS\5.8.0\CMSIS\DSP\Source\StatisticsFunctions\StatisticsFunctions.c 0x00000000   Number         0  statisticsfunctions.o ABSOLUTE
    C:\Users\admin\AppData\Local\Arm\Packs\ARM\CMSIS\5.8.0\CMSIS\DSP\Source\StatisticsFunctions\StatisticsFunctionsF16.c 0x00000000   Number         0  statisticsfunctionsf16.o ABSOLUTE
    C:\Users\admin\AppData\Local\Arm\Packs\ARM\CMSIS\5.8.0\CMSIS\DSP\Source\SupportFunctions\SupportFunctions.c 0x00000000   Number         0  supportfunctions.o ABSOLUTE
    C:\Users\admin\AppData\Local\Arm\Packs\ARM\CMSIS\5.8.0\CMSIS\DSP\Source\SupportFunctions\SupportFunctionsF16.c 0x00000000   Number         0  supportfunctionsf16.o ABSOLUTE
    C:\Users\admin\AppData\Local\Arm\Packs\ARM\CMSIS\5.8.0\CMSIS\DSP\Source\TransformFunctions\TransformFunctions.c 0x00000000   Number         0  transformfunctions.o ABSOLUTE
    C:\Users\admin\AppData\Local\Arm\Packs\ARM\CMSIS\5.8.0\CMSIS\DSP\Source\TransformFunctions\TransformFunctionsF16.c 0x00000000   Number         0  transformfunctionsf16.o ABSOLUTE
    C:\\Users\\admin\\AppData\\Local\\Arm\\Packs\\ARM\\CMSIS\\5.8.0\\CMSIS\\DSP\\Source\\BasicMathFunctions\\BasicMathFunctions.c 0x00000000   Number         0  basicmathfunctions.o ABSOLUTE
    C:\\Users\\admin\\AppData\\Local\\Arm\\Packs\\ARM\\CMSIS\\5.8.0\\CMSIS\\DSP\\Source\\BasicMathFunctions\\BasicMathFunctionsF16.c 0x00000000   Number         0  basicmathfunctionsf16.o ABSOLUTE
    C:\\Users\\admin\\AppData\\Local\\Arm\\Packs\\ARM\\CMSIS\\5.8.0\\CMSIS\\DSP\\Source\\BayesFunctions\\BayesFunctions.c 0x00000000   Number         0  bayesfunctions.o ABSOLUTE
    C:\\Users\\admin\\AppData\\Local\\Arm\\Packs\\ARM\\CMSIS\\5.8.0\\CMSIS\\DSP\\Source\\BayesFunctions\\BayesFunctionsF16.c 0x00000000   Number         0  bayesfunctionsf16.o ABSOLUTE
    C:\\Users\\admin\\AppData\\Local\\Arm\\Packs\\ARM\\CMSIS\\5.8.0\\CMSIS\\DSP\\Source\\CommonTables\\CommonTables.c 0x00000000   Number         0  commontables.o ABSOLUTE
    C:\\Users\\admin\\AppData\\Local\\Arm\\Packs\\ARM\\CMSIS\\5.8.0\\CMSIS\\DSP\\Source\\CommonTables\\CommonTablesF16.c 0x00000000   Number         0  commontablesf16.o ABSOLUTE
    C:\\Users\\admin\\AppData\\Local\\Arm\\Packs\\ARM\\CMSIS\\5.8.0\\CMSIS\\DSP\\Source\\ComplexMathFunctions\\ComplexMathFunctions.c 0x00000000   Number         0  complexmathfunctions.o ABSOLUTE
    C:\\Users\\admin\\AppData\\Local\\Arm\\Packs\\ARM\\CMSIS\\5.8.0\\CMSIS\\DSP\\Source\\ComplexMathFunctions\\ComplexMathFunctionsF16.c 0x00000000   Number         0  complexmathfunctionsf16.o ABSOLUTE
    C:\\Users\\admin\\AppData\\Local\\Arm\\Packs\\ARM\\CMSIS\\5.8.0\\CMSIS\\DSP\\Source\\ControllerFunctions\\ControllerFunctions.c 0x00000000   Number         0  controllerfunctions.o ABSOLUTE
    C:\\Users\\admin\\AppData\\Local\\Arm\\Packs\\ARM\\CMSIS\\5.8.0\\CMSIS\\DSP\\Source\\DistanceFunctions\\DistanceFunctions.c 0x00000000   Number         0  distancefunctions.o ABSOLUTE
    C:\\Users\\admin\\AppData\\Local\\Arm\\Packs\\ARM\\CMSIS\\5.8.0\\CMSIS\\DSP\\Source\\DistanceFunctions\\DistanceFunctionsF16.c 0x00000000   Number         0  distancefunctionsf16.o ABSOLUTE
    C:\\Users\\admin\\AppData\\Local\\Arm\\Packs\\ARM\\CMSIS\\5.8.0\\CMSIS\\DSP\\Source\\FastMathFunctions\\FastMathFunctions.c 0x00000000   Number         0  fastmathfunctions.o ABSOLUTE
    C:\\Users\\admin\\AppData\\Local\\Arm\\Packs\\ARM\\CMSIS\\5.8.0\\CMSIS\\DSP\\Source\\FastMathFunctions\\FastMathFunctionsF16.c 0x00000000   Number         0  fastmathfunctionsf16.o ABSOLUTE
    C:\\Users\\admin\\AppData\\Local\\Arm\\Packs\\ARM\\CMSIS\\5.8.0\\CMSIS\\DSP\\Source\\FilteringFunctions\\FilteringFunctions.c 0x00000000   Number         0  filteringfunctions.o ABSOLUTE
    C:\\Users\\admin\\AppData\\Local\\Arm\\Packs\\ARM\\CMSIS\\5.8.0\\CMSIS\\DSP\\Source\\FilteringFunctions\\FilteringFunctionsF16.c 0x00000000   Number         0  filteringfunctionsf16.o ABSOLUTE
    C:\\Users\\admin\\AppData\\Local\\Arm\\Packs\\ARM\\CMSIS\\5.8.0\\CMSIS\\DSP\\Source\\InterpolationFunctions\\InterpolationFunctions.c 0x00000000   Number         0  interpolationfunctions.o ABSOLUTE
    C:\\Users\\admin\\AppData\\Local\\Arm\\Packs\\ARM\\CMSIS\\5.8.0\\CMSIS\\DSP\\Source\\InterpolationFunctions\\InterpolationFunctionsF16.c 0x00000000   Number         0  interpolationfunctionsf16.o ABSOLUTE
    C:\\Users\\admin\\AppData\\Local\\Arm\\Packs\\ARM\\CMSIS\\5.8.0\\CMSIS\\DSP\\Source\\MatrixFunctions\\MatrixFunctions.c 0x00000000   Number         0  matrixfunctions.o ABSOLUTE
    C:\\Users\\admin\\AppData\\Local\\Arm\\Packs\\ARM\\CMSIS\\5.8.0\\CMSIS\\DSP\\Source\\MatrixFunctions\\MatrixFunctionsF16.c 0x00000000   Number         0  matrixfunctionsf16.o ABSOLUTE
    C:\\Users\\admin\\AppData\\Local\\Arm\\Packs\\ARM\\CMSIS\\5.8.0\\CMSIS\\DSP\\Source\\QuaternionMathFunctions\\QuaternionMathFunctions.c 0x00000000   Number         0  quaternionmathfunctions.o ABSOLUTE
    C:\\Users\\admin\\AppData\\Local\\Arm\\Packs\\ARM\\CMSIS\\5.8.0\\CMSIS\\DSP\\Source\\SVMFunctions\\SVMFunctions.c 0x00000000   Number         0  svmfunctions.o ABSOLUTE
    C:\\Users\\admin\\AppData\\Local\\Arm\\Packs\\ARM\\CMSIS\\5.8.0\\CMSIS\\DSP\\Source\\SVMFunctions\\SVMFunctionsF16.c 0x00000000   Number         0  svmfunctionsf16.o ABSOLUTE
    C:\\Users\\admin\\AppData\\Local\\Arm\\Packs\\ARM\\CMSIS\\5.8.0\\CMSIS\\DSP\\Source\\StatisticsFunctions\\StatisticsFunctions.c 0x00000000   Number         0  statisticsfunctions.o ABSOLUTE
    C:\\Users\\admin\\AppData\\Local\\Arm\\Packs\\ARM\\CMSIS\\5.8.0\\CMSIS\\DSP\\Source\\StatisticsFunctions\\StatisticsFunctionsF16.c 0x00000000   Number         0  statisticsfunctionsf16.o ABSOLUTE
    C:\\Users\\admin\\AppData\\Local\\Arm\\Packs\\ARM\\CMSIS\\5.8.0\\CMSIS\\DSP\\Source\\SupportFunctions\\SupportFunctions.c 0x00000000   Number         0  supportfunctions.o ABSOLUTE
    C:\\Users\\admin\\AppData\\Local\\Arm\\Packs\\ARM\\CMSIS\\5.8.0\\CMSIS\\DSP\\Source\\SupportFunctions\\SupportFunctionsF16.c 0x00000000   Number         0  supportfunctionsf16.o ABSOLUTE
    C:\\Users\\admin\\AppData\\Local\\Arm\\Packs\\ARM\\CMSIS\\5.8.0\\CMSIS\\DSP\\Source\\TransformFunctions\\TransformFunctions.c 0x00000000   Number         0  transformfunctions.o ABSOLUTE
    C:\\Users\\admin\\AppData\\Local\\Arm\\Packs\\ARM\\CMSIS\\5.8.0\\CMSIS\\DSP\\Source\\TransformFunctions\\TransformFunctionsF16.c 0x00000000   Number         0  transformfunctionsf16.o ABSOLUTE
    cdcmple.s                                0x00000000   Number         0  cdcmple.o ABSOLUTE
    cdrcmple.s                               0x00000000   Number         0  cdrcmple.o ABSOLUTE
    cfcmple.s                                0x00000000   Number         0  cfcmple.o ABSOLUTE
    cfrcmple.s                               0x00000000   Number         0  cfrcmple.o ABSOLUTE
    dc.s                                     0x00000000   Number         0  dc.o ABSOLUTE
    handlers.s                               0x00000000   Number         0  handlers.o ABSOLUTE
    init.s                                   0x00000000   Number         0  init.o ABSOLUTE
    startup_stm32f103xb.s                    0x00000000   Number         0  startup_stm32f103xb.o ABSOLUTE
    RESET                                    0x08000000   Section      236  startup_stm32f103xb.o(RESET)
    .ARM.Collect$$$$00000000                 0x080000ec   Section        0  entry.o(.ARM.Collect$$$$00000000)
    .ARM.Collect$$$$00000001                 0x080000ec   Section        4  entry2.o(.ARM.Collect$$$$00000001)
    .ARM.Collect$$$$00000004                 0x080000f0   Section        4  entry5.o(.ARM.Collect$$$$00000004)
    .ARM.Collect$$$$00000008                 0x080000f4   Section        0  entry7b.o(.ARM.Collect$$$$00000008)
    .ARM.Collect$$$$0000000A                 0x080000f4   Section        0  entry8b.o(.ARM.Collect$$$$0000000A)
    .ARM.Collect$$$$0000000B                 0x080000f4   Section        8  entry9a.o(.ARM.Collect$$$$0000000B)
    .ARM.Collect$$$$0000000E                 0x080000fc   Section        4  entry12b.o(.ARM.Collect$$$$0000000E)
    .ARM.Collect$$$$0000000F                 0x08000100   Section        0  entry10a.o(.ARM.Collect$$$$0000000F)
    .ARM.Collect$$$$00000011                 0x08000100   Section        0  entry11a.o(.ARM.Collect$$$$00000011)
    .ARM.Collect$$$$00002712                 0x08000100   Section        4  entry2.o(.ARM.Collect$$$$00002712)
    __lit__00000000                          0x08000100   Data           4  entry2.o(.ARM.Collect$$$$00002712)
    .text                                    0x08000104   Section       36  startup_stm32f103xb.o(.text)
    .text                                    0x08000128   Section        0  memcpya.o(.text)
    .text                                    0x0800014c   Section        0  memseta.o(.text)
    .text                                    0x08000170   Section        0  strlen.o(.text)
    .text                                    0x0800017e   Section        0  uidiv.o(.text)
    .text                                    0x080001ac   Section       36  init.o(.text)
    i.BusFault_Handler                       0x080001d0   Section        0  stm32f1xx_it.o(i.BusFault_Handler)
    i.DebugMon_Handler                       0x080001d2   Section        0  stm32f1xx_it.o(i.DebugMon_Handler)
    i.ESP_write_data                         0x080001d4   Section        0  main.o(i.ESP_write_data)
    i.EXTI15_10_IRQHandler                   0x08000218   Section        0  stm32f1xx_it.o(i.EXTI15_10_IRQHandler)
    i.EXTI3_IRQHandler                       0x0800027c   Section        0  stm32f1xx_it.o(i.EXTI3_IRQHandler)
    i.EXTI4_IRQHandler                       0x08000290   Section        0  stm32f1xx_it.o(i.EXTI4_IRQHandler)
    i.EXTI9_5_IRQHandler                     0x080002a4   Section        0  stm32f1xx_it.o(i.EXTI9_5_IRQHandler)
    i.Error_Handler                          0x080002b8   Section        0  main.o(i.Error_Handler)
    i.HAL_Delay                              0x080002ec   Section        0  stm32f1xx_hal.o(i.HAL_Delay)
    i.HAL_GPIO_EXTI_Callback                 0x08000310   Section        0  stm32f1xx_hal_gpio.o(i.HAL_GPIO_EXTI_Callback)
    i.HAL_GPIO_EXTI_IRQHandler               0x08000314   Section        0  stm32f1xx_hal_gpio.o(i.HAL_GPIO_EXTI_IRQHandler)
    i.HAL_GPIO_Init                          0x0800032c   Section        0  stm32f1xx_hal_gpio.o(i.HAL_GPIO_Init)
    i.HAL_GPIO_WritePin                      0x0800050c   Section        0  stm32f1xx_hal_gpio.o(i.HAL_GPIO_WritePin)
    i.HAL_GetTick                            0x08000518   Section        0  stm32f1xx_hal.o(i.HAL_GetTick)
    i.HAL_IncTick                            0x08000524   Section        0  stm32f1xx_hal.o(i.HAL_IncTick)
    i.HAL_Init                               0x08000534   Section        0  stm32f1xx_hal.o(i.HAL_Init)
    i.HAL_InitTick                           0x08000558   Section        0  stm32f1xx_hal.o(i.HAL_InitTick)
    i.HAL_MspInit                            0x08000598   Section        0  stm32f1xx_hal_msp.o(i.HAL_MspInit)
    i.HAL_NVIC_EnableIRQ                     0x080005d4   Section        0  stm32f1xx_hal_cortex.o(i.HAL_NVIC_EnableIRQ)
    i.HAL_NVIC_SetPriority                   0x080005f0   Section        0  stm32f1xx_hal_cortex.o(i.HAL_NVIC_SetPriority)
    i.HAL_NVIC_SetPriorityGrouping           0x08000630   Section        0  stm32f1xx_hal_cortex.o(i.HAL_NVIC_SetPriorityGrouping)
    i.HAL_RCC_ClockConfig                    0x08000654   Section        0  stm32f1xx_hal_rcc.o(i.HAL_RCC_ClockConfig)
    i.HAL_RCC_GetPCLK1Freq                   0x08000780   Section        0  stm32f1xx_hal_rcc.o(i.HAL_RCC_GetPCLK1Freq)
    i.HAL_RCC_GetPCLK2Freq                   0x080007a0   Section        0  stm32f1xx_hal_rcc.o(i.HAL_RCC_GetPCLK2Freq)
    i.HAL_RCC_GetSysClockFreq                0x080007c0   Section        0  stm32f1xx_hal_rcc.o(i.HAL_RCC_GetSysClockFreq)
    i.HAL_RCC_OscConfig                      0x0800082c   Section        0  stm32f1xx_hal_rcc.o(i.HAL_RCC_OscConfig)
    i.HAL_SPI_GetState                       0x08000b4c   Section        0  stm32f1xx_hal_spi.o(i.HAL_SPI_GetState)
    i.HAL_SPI_Init                           0x08000b52   Section        0  stm32f1xx_hal_spi.o(i.HAL_SPI_Init)
    i.HAL_SPI_MspInit                        0x08000c04   Section        0  stm32f1xx_hal_msp.o(i.HAL_SPI_MspInit)
    i.HAL_SPI_Receive                        0x08000c74   Section        0  stm32f1xx_hal_spi.o(i.HAL_SPI_Receive)
    i.HAL_SPI_Transmit                       0x08000dce   Section        0  stm32f1xx_hal_spi.o(i.HAL_SPI_Transmit)
    i.HAL_SPI_TransmitReceive                0x08000f34   Section        0  stm32f1xx_hal_spi.o(i.HAL_SPI_TransmitReceive)
    i.HAL_SYSTICK_Config                     0x08001116   Section        0  stm32f1xx_hal_cortex.o(i.HAL_SYSTICK_Config)
    i.HAL_UART_Init                          0x0800113e   Section        0  stm32f1xx_hal_uart.o(i.HAL_UART_Init)
    i.HAL_UART_MspInit                       0x080011a0   Section        0  stm32f1xx_hal_msp.o(i.HAL_UART_MspInit)
    i.HAL_UART_Transmit                      0x08001210   Section        0  stm32f1xx_hal_uart.o(i.HAL_UART_Transmit)
    i.HardFault_Handler                      0x080012c2   Section        0  stm32f1xx_it.o(i.HardFault_Handler)
    i.MX_GPIO_Init                           0x080012c4   Section        0  main.o(i.MX_GPIO_Init)
    MX_GPIO_Init                             0x080012c5   Thumb Code   338  main.o(i.MX_GPIO_Init)
    i.MX_SPI1_Init                           0x08001428   Section        0  main.o(i.MX_SPI1_Init)
    MX_SPI1_Init                             0x08001429   Thumb Code    64  main.o(i.MX_SPI1_Init)
    i.MX_USART1_UART_Init                    0x08001490   Section        0  main.o(i.MX_USART1_UART_Init)
    MX_USART1_UART_Init                      0x08001491   Thumb Code    50  main.o(i.MX_USART1_UART_Init)
    i.MemManage_Handler                      0x080014f0   Section        0  stm32f1xx_it.o(i.MemManage_Handler)
    i.NMI_Handler                            0x080014f2   Section        0  stm32f1xx_it.o(i.NMI_Handler)
    i.PendSV_Handler                         0x080014f4   Section        0  stm32f1xx_it.o(i.PendSV_Handler)
    i.SPI_EndRxTransaction                   0x080014f6   Section        0  stm32f1xx_hal_spi.o(i.SPI_EndRxTransaction)
    SPI_EndRxTransaction                     0x080014f7   Thumb Code    92  stm32f1xx_hal_spi.o(i.SPI_EndRxTransaction)
    i.SPI_EndRxTxTransaction                 0x08001552   Section        0  stm32f1xx_hal_spi.o(i.SPI_EndRxTxTransaction)
    SPI_EndRxTxTransaction                   0x08001553   Thumb Code    32  stm32f1xx_hal_spi.o(i.SPI_EndRxTxTransaction)
    i.SPI_WaitFlagStateUntilTimeout          0x08001574   Section        0  stm32f1xx_hal_spi.o(i.SPI_WaitFlagStateUntilTimeout)
    SPI_WaitFlagStateUntilTimeout            0x08001575   Thumb Code   180  stm32f1xx_hal_spi.o(i.SPI_WaitFlagStateUntilTimeout)
    i.SVC_Handler                            0x0800162c   Section        0  stm32f1xx_it.o(i.SVC_Handler)
    i.SysTick_Handler                        0x0800162e   Section        0  stm32f1xx_it.o(i.SysTick_Handler)
    i.SystemClock_Config                     0x08001634   Section        0  main.o(i.SystemClock_Config)
    i.SystemInit                             0x080016cc   Section        0  system_stm32f1xx.o(i.SystemInit)
    i.UART_SetConfig                         0x080016d0   Section        0  stm32f1xx_hal_uart.o(i.UART_SetConfig)
    UART_SetConfig                           0x080016d1   Thumb Code   178  stm32f1xx_hal_uart.o(i.UART_SetConfig)
    i.UART_WaitOnFlagUntilTimeout            0x08001788   Section        0  stm32f1xx_hal_uart.o(i.UART_WaitOnFlagUntilTimeout)
    UART_WaitOnFlagUntilTimeout              0x08001789   Thumb Code   100  stm32f1xx_hal_uart.o(i.UART_WaitOnFlagUntilTimeout)
    i.UsageFault_Handler                     0x080017ec   Section        0  stm32f1xx_it.o(i.UsageFault_Handler)
    i.__0sprintf$1                           0x080017f0   Section        0  printf1.o(i.__0sprintf$1)
    i.__NVIC_SetPriority                     0x08001818   Section        0  stm32f1xx_hal_cortex.o(i.__NVIC_SetPriority)
    __NVIC_SetPriority                       0x08001819   Thumb Code    32  stm32f1xx_hal_cortex.o(i.__NVIC_SetPriority)
    i.__scatterload_copy                     0x08001838   Section       14  handlers.o(i.__scatterload_copy)
    i.__scatterload_null                     0x08001846   Section        2  handlers.o(i.__scatterload_null)
    i.__scatterload_zeroinit                 0x08001848   Section       14  handlers.o(i.__scatterload_zeroinit)
    i._printf_core                           0x08001858   Section        0  printf1.o(i._printf_core)
    _printf_core                             0x08001859   Thumb Code   336  printf1.o(i._printf_core)
    i._sputc                                 0x080019ac   Section        0  printf1.o(i._sputc)
    _sputc                                   0x080019ad   Thumb Code    10  printf1.o(i._sputc)
    i.checkDestinationAddress                0x080019b6   Section        0  main.o(i.checkDestinationAddress)
    i.checkPacketId                          0x080019d4   Section        0  main.o(i.checkPacketId)
    i.config                                 0x08001ae0   Section        0  lora.o(i.config)
    i.copyDataFromPacketToMemory             0x08001c00   Section        0  main.o(i.copyDataFromPacketToMemory)
    i.generateGenericLoraHeader              0x08001ccc   Section        0  main.o(i.generateGenericLoraHeader)
    i.getValueFromPositionInArray            0x08001d18   Section        0  main.o(i.getValueFromPositionInArray)
    i.lora_available                         0x08001d34   Section        0  lora.o(i.lora_available)
    i.lora_begin_packet                      0x08001d4c   Section        0  lora.o(i.lora_begin_packet)
    i.lora_end_packet                        0x08001d8c   Section        0  lora.o(i.lora_end_packet)
    i.lora_init_not_vinod                    0x08001dc8   Section        0  lora.o(i.lora_init_not_vinod)
    i.lora_prasePacket                       0x08001ddc   Section        0  lora.o(i.lora_prasePacket)
    i.lora_read                              0x08001e68   Section        0  lora.o(i.lora_read)
    i.lora_read_reg                          0x08001e90   Section        0  lora.o(i.lora_read_reg)
    i.lora_tx                                0x08001efc   Section        0  lora.o(i.lora_tx)
    i.lora_write_reg                         0x08001f3c   Section        0  lora.o(i.lora_write_reg)
    i.main                                   0x08001fa4   Section        0  main.o(i.main)
    i.powerOnReset                           0x080024d4   Section        0  lora.o(i.powerOnReset)
    i.printLine                              0x08002500   Section        0  main.o(i.printLine)
    i.sendAck                                0x08002540   Section        0  main.o(i.sendAck)
    i.sendPacket                             0x0800257c   Section        0  main.o(i.sendPacket)
    i.setFrequency                           0x080025a0   Section        0  lora.o(i.setFrequency)
    i.setHeaderField                         0x08002650   Section        0  main.o(i.setHeaderField)
    i.setHeaderMode                          0x08002660   Section        0  lora.o(i.setHeaderMode)
    i.setPreambleLen                         0x08002690   Section        0  lora.o(i.setPreambleLen)
    i.setRFpara                              0x080026b4   Section        0  lora.o(i.setRFpara)
    i.setRxTimeOut                           0x08002778   Section        0  lora.o(i.setRxTimeOut)
    i.setTxPower                             0x080027ae   Section        0  lora.o(i.setTxPower)
    .constdata                               0x080027c4   Section       16  system_stm32f1xx.o(.constdata)
    .constdata                               0x080027d4   Section        8  system_stm32f1xx.o(.constdata)
    .conststring                             0x080027dc   Section       67  main.o(.conststring)
    .data                                    0x20000000   Section       40  main.o(.data)
    .data                                    0x20000028   Section        4  main.o(.data)
    .data                                    0x2000002c   Section        4  main.o(.data)
    .data                                    0x20000030   Section        4  main.o(.data)
    .data                                    0x20000034   Section        4  main.o(.data)
    .data                                    0x20000038   Section        4  main.o(.data)
    .data                                    0x2000003c   Section        4  main.o(.data)
    .data                                    0x20000040   Section        3  lora.o(.data)
    .data                                    0x20000044   Section       12  stm32f1xx_hal.o(.data)
    .data                                    0x20000050   Section        4  system_stm32f1xx.o(.data)
    .bss                                     0x20000054   Section     1856  main.o(.bss)
    STACK                                    0x20000798   Section     1024  startup_stm32f103xb.o(STACK)

    Global Symbols

    Symbol Name                              Value     Ov Type        Size  Object(Section)

    BuildAttributes$$THM_ISAv4$P$D$K$B$S$PE$A:L22UL41UL21$X:L11$S22US41US21$IEEE1$IW$USESV6$~STKCKD$USESV7$~SHL$OTIME$ROPI$IEEEX$EBA8$MICROLIB$REQ8$PRES8$EABIv2 0x00000000   Number         0  anon$$obj.o ABSOLUTE
    __ARM_use_no_argv                        0x00000000   Number         0  main.o ABSOLUTE
    _printf_a                                0x00000000   Number         0  stubs.o ABSOLUTE
    _printf_c                                0x00000000   Number         0  stubs.o ABSOLUTE
    _printf_charcount                        0x00000000   Number         0  stubs.o ABSOLUTE
    _printf_d                                0x00000000   Number         0  stubs.o ABSOLUTE
    _printf_e                                0x00000000   Number         0  stubs.o ABSOLUTE
    _printf_f                                0x00000000   Number         0  stubs.o ABSOLUTE
    _printf_flags                            0x00000000   Number         0  stubs.o ABSOLUTE
    _printf_fp_dec                           0x00000000   Number         0  stubs.o ABSOLUTE
    _printf_fp_hex                           0x00000000   Number         0  stubs.o ABSOLUTE
    _printf_g                                0x00000000   Number         0  stubs.o ABSOLUTE
    _printf_i                                0x00000000   Number         0  stubs.o ABSOLUTE
    _printf_int_dec                          0x00000000   Number         0  stubs.o ABSOLUTE
    _printf_l                                0x00000000   Number         0  stubs.o ABSOLUTE
    _printf_lc                               0x00000000   Number         0  stubs.o ABSOLUTE
    _printf_ll                               0x00000000   Number         0  stubs.o ABSOLUTE
    _printf_lld                              0x00000000   Number         0  stubs.o ABSOLUTE
    _printf_lli                              0x00000000   Number         0  stubs.o ABSOLUTE
    _printf_llo                              0x00000000   Number         0  stubs.o ABSOLUTE
    _printf_llu                              0x00000000   Number         0  stubs.o ABSOLUTE
    _printf_llx                              0x00000000   Number         0  stubs.o ABSOLUTE
    _printf_longlong_dec                     0x00000000   Number         0  stubs.o ABSOLUTE
    _printf_longlong_hex                     0x00000000   Number         0  stubs.o ABSOLUTE
    _printf_longlong_oct                     0x00000000   Number         0  stubs.o ABSOLUTE
    _printf_ls                               0x00000000   Number         0  stubs.o ABSOLUTE
    _printf_mbtowc                           0x00000000   Number         0  stubs.o ABSOLUTE
    _printf_n                                0x00000000   Number         0  stubs.o ABSOLUTE
    _printf_o                                0x00000000   Number         0  stubs.o ABSOLUTE
    _printf_p                                0x00000000   Number         0  stubs.o ABSOLUTE
    _printf_percent                          0x00000000   Number         0  stubs.o ABSOLUTE
    _printf_pre_padding                      0x00000000   Number         0  stubs.o ABSOLUTE
    _printf_return_value                     0x00000000   Number         0  stubs.o ABSOLUTE
    _printf_s                                0x00000000   Number         0  stubs.o ABSOLUTE
    _printf_sizespec                         0x00000000   Number         0  stubs.o ABSOLUTE
    _printf_str                              0x00000000   Number         0  stubs.o ABSOLUTE
    _printf_truncate_signed                  0x00000000   Number         0  stubs.o ABSOLUTE
    _printf_truncate_unsigned                0x00000000   Number         0  stubs.o ABSOLUTE
    _printf_u                                0x00000000   Number         0  stubs.o ABSOLUTE
    _printf_wc                               0x00000000   Number         0  stubs.o ABSOLUTE
    _printf_wctomb                           0x00000000   Number         0  stubs.o ABSOLUTE
    _printf_widthprec                        0x00000000   Number         0  stubs.o ABSOLUTE
    _printf_x                                0x00000000   Number         0  stubs.o ABSOLUTE
    __arm_fini_                               - Undefined Weak Reference
    __cpp_initialize__aeabi_                  - Undefined Weak Reference
    __cxa_finalize                            - Undefined Weak Reference
    __decompress                              - Undefined Weak Reference
    _clock_init                               - Undefined Weak Reference
    _microlib_exit                            - Undefined Weak Reference
    __Vectors_Size                           0x000000ec   Number         0  startup_stm32f103xb.o ABSOLUTE
    __Vectors                                0x08000000   Data           4  startup_stm32f103xb.o(RESET)
    __Vectors_End                            0x080000ec   Data           0  startup_stm32f103xb.o(RESET)
    __main                                   0x080000ed   Thumb Code     0  entry.o(.ARM.Collect$$$$00000000)
    _main_stk                                0x080000ed   Thumb Code     0  entry2.o(.ARM.Collect$$$$00000001)
    _main_scatterload                        0x080000f1   Thumb Code     0  entry5.o(.ARM.Collect$$$$00000004)
    __main_after_scatterload                 0x080000f5   Thumb Code     0  entry5.o(.ARM.Collect$$$$00000004)
    _main_clock                              0x080000f5   Thumb Code     0  entry7b.o(.ARM.Collect$$$$00000008)
    _main_cpp_init                           0x080000f5   Thumb Code     0  entry8b.o(.ARM.Collect$$$$0000000A)
    _main_init                               0x080000f5   Thumb Code     0  entry9a.o(.ARM.Collect$$$$0000000B)
    __rt_lib_shutdown_fini                   0x080000fd   Thumb Code     0  entry12b.o(.ARM.Collect$$$$0000000E)
    __rt_final_cpp                           0x08000101   Thumb Code     0  entry10a.o(.ARM.Collect$$$$0000000F)
    __rt_final_exit                          0x08000101   Thumb Code     0  entry11a.o(.ARM.Collect$$$$00000011)
    Reset_Handler                            0x08000105   Thumb Code     8  startup_stm32f103xb.o(.text)
    ADC1_2_IRQHandler                        0x0800011f   Thumb Code     0  startup_stm32f103xb.o(.text)
    CAN1_RX1_IRQHandler                      0x0800011f   Thumb Code     0  startup_stm32f103xb.o(.text)
    CAN1_SCE_IRQHandler                      0x0800011f   Thumb Code     0  startup_stm32f103xb.o(.text)
    DMA1_Channel1_IRQHandler                 0x0800011f   Thumb Code     0  startup_stm32f103xb.o(.text)
    DMA1_Channel2_IRQHandler                 0x0800011f   Thumb Code     0  startup_stm32f103xb.o(.text)
    DMA1_Channel3_IRQHandler                 0x0800011f   Thumb Code     0  startup_stm32f103xb.o(.text)
    DMA1_Channel4_IRQHandler                 0x0800011f   Thumb Code     0  startup_stm32f103xb.o(.text)
    DMA1_Channel5_IRQHandler                 0x0800011f   Thumb Code     0  startup_stm32f103xb.o(.text)
    DMA1_Channel6_IRQHandler                 0x0800011f   Thumb Code     0  startup_stm32f103xb.o(.text)
    DMA1_Channel7_IRQHandler                 0x0800011f   Thumb Code     0  startup_stm32f103xb.o(.text)
    EXTI0_IRQHandler                         0x0800011f   Thumb Code     0  startup_stm32f103xb.o(.text)
    EXTI1_IRQHandler                         0x0800011f   Thumb Code     0  startup_stm32f103xb.o(.text)
    EXTI2_IRQHandler                         0x0800011f   Thumb Code     0  startup_stm32f103xb.o(.text)
    FLASH_IRQHandler                         0x0800011f   Thumb Code     0  startup_stm32f103xb.o(.text)
    I2C1_ER_IRQHandler                       0x0800011f   Thumb Code     0  startup_stm32f103xb.o(.text)
    I2C1_EV_IRQHandler                       0x0800011f   Thumb Code     0  startup_stm32f103xb.o(.text)
    I2C2_ER_IRQHandler                       0x0800011f   Thumb Code     0  startup_stm32f103xb.o(.text)
    I2C2_EV_IRQHandler                       0x0800011f   Thumb Code     0  startup_stm32f103xb.o(.text)
    PVD_IRQHandler                           0x0800011f   Thumb Code     0  startup_stm32f103xb.o(.text)
    RCC_IRQHandler                           0x0800011f   Thumb Code     0  startup_stm32f103xb.o(.text)
    RTC_Alarm_IRQHandler                     0x0800011f   Thumb Code     0  startup_stm32f103xb.o(.text)
    RTC_IRQHandler                           0x0800011f   Thumb Code     0  startup_stm32f103xb.o(.text)
    SPI1_IRQHandler                          0x0800011f   Thumb Code     0  startup_stm32f103xb.o(.text)
    SPI2_IRQHandler                          0x0800011f   Thumb Code     0  startup_stm32f103xb.o(.text)
    TAMPER_IRQHandler                        0x0800011f   Thumb Code     0  startup_stm32f103xb.o(.text)
    TIM1_BRK_IRQHandler                      0x0800011f   Thumb Code     0  startup_stm32f103xb.o(.text)
    TIM1_CC_IRQHandler                       0x0800011f   Thumb Code     0  startup_stm32f103xb.o(.text)
    TIM1_TRG_COM_IRQHandler                  0x0800011f   Thumb Code     0  startup_stm32f103xb.o(.text)
    TIM1_UP_IRQHandler                       0x0800011f   Thumb Code     0  startup_stm32f103xb.o(.text)
    TIM2_IRQHandler                          0x0800011f   Thumb Code     0  startup_stm32f103xb.o(.text)
    TIM3_IRQHandler                          0x0800011f   Thumb Code     0  startup_stm32f103xb.o(.text)
    TIM4_IRQHandler                          0x0800011f   Thumb Code     0  startup_stm32f103xb.o(.text)
    USART1_IRQHandler                        0x0800011f   Thumb Code     0  startup_stm32f103xb.o(.text)
    USART2_IRQHandler                        0x0800011f   Thumb Code     0  startup_stm32f103xb.o(.text)
    USART3_IRQHandler                        0x0800011f   Thumb Code     0  startup_stm32f103xb.o(.text)
    USBWakeUp_IRQHandler                     0x0800011f   Thumb Code     0  startup_stm32f103xb.o(.text)
    USB_HP_CAN1_TX_IRQHandler                0x0800011f   Thumb Code     0  startup_stm32f103xb.o(.text)
    USB_LP_CAN1_RX0_IRQHandler               0x0800011f   Thumb Code     0  startup_stm32f103xb.o(.text)
    WWDG_IRQHandler                          0x0800011f   Thumb Code     0  startup_stm32f103xb.o(.text)
    __aeabi_memcpy                           0x08000129   Thumb Code    36  memcpya.o(.text)
    __aeabi_memcpy4                          0x08000129   Thumb Code     0  memcpya.o(.text)
    __aeabi_memcpy8                          0x08000129   Thumb Code     0  memcpya.o(.text)
    __aeabi_memset                           0x0800014d   Thumb Code    14  memseta.o(.text)
    __aeabi_memset4                          0x0800014d   Thumb Code     0  memseta.o(.text)
    __aeabi_memset8                          0x0800014d   Thumb Code     0  memseta.o(.text)
    __aeabi_memclr                           0x0800015b   Thumb Code     4  memseta.o(.text)
    __aeabi_memclr4                          0x0800015b   Thumb Code     0  memseta.o(.text)
    __aeabi_memclr8                          0x0800015b   Thumb Code     0  memseta.o(.text)
    _memset$wrapper                          0x0800015f   Thumb Code    18  memseta.o(.text)
    strlen                                   0x08000171   Thumb Code    14  strlen.o(.text)
    __aeabi_uidiv                            0x0800017f   Thumb Code     0  uidiv.o(.text)
    __aeabi_uidivmod                         0x0800017f   Thumb Code    44  uidiv.o(.text)
    __scatterload                            0x080001ad   Thumb Code    28  init.o(.text)
    __scatterload_rt2                        0x080001ad   Thumb Code     0  init.o(.text)
    BusFault_Handler                         0x080001d1   Thumb Code     2  stm32f1xx_it.o(i.BusFault_Handler)
    DebugMon_Handler                         0x080001d3   Thumb Code     2  stm32f1xx_it.o(i.DebugMon_Handler)
    ESP_write_data                           0x080001d5   Thumb Code    68  main.o(i.ESP_write_data)
    EXTI15_10_IRQHandler                     0x08000219   Thumb Code    80  stm32f1xx_it.o(i.EXTI15_10_IRQHandler)
    EXTI3_IRQHandler                         0x0800027d   Thumb Code    16  stm32f1xx_it.o(i.EXTI3_IRQHandler)
    EXTI4_IRQHandler                         0x08000291   Thumb Code    16  stm32f1xx_it.o(i.EXTI4_IRQHandler)
    EXTI9_5_IRQHandler                       0x080002a5   Thumb Code    16  stm32f1xx_it.o(i.EXTI9_5_IRQHandler)
    Error_Handler                            0x080002b9   Thumb Code    38  main.o(i.Error_Handler)
    HAL_Delay                                0x080002ed   Thumb Code    32  stm32f1xx_hal.o(i.HAL_Delay)
    HAL_GPIO_EXTI_Callback                   0x08000311   Thumb Code     2  stm32f1xx_hal_gpio.o(i.HAL_GPIO_EXTI_Callback)
    HAL_GPIO_EXTI_IRQHandler                 0x08000315   Thumb Code    18  stm32f1xx_hal_gpio.o(i.HAL_GPIO_EXTI_IRQHandler)
    HAL_GPIO_Init                            0x0800032d   Thumb Code   446  stm32f1xx_hal_gpio.o(i.HAL_GPIO_Init)
    HAL_GPIO_WritePin                        0x0800050d   Thumb Code    10  stm32f1xx_hal_gpio.o(i.HAL_GPIO_WritePin)
    HAL_GetTick                              0x08000519   Thumb Code     6  stm32f1xx_hal.o(i.HAL_GetTick)
    HAL_IncTick                              0x08000525   Thumb Code    12  stm32f1xx_hal.o(i.HAL_IncTick)
    HAL_Init                                 0x08000535   Thumb Code    32  stm32f1xx_hal.o(i.HAL_Init)
    HAL_InitTick                             0x08000559   Thumb Code    54  stm32f1xx_hal.o(i.HAL_InitTick)
    HAL_MspInit                              0x08000599   Thumb Code    52  stm32f1xx_hal_msp.o(i.HAL_MspInit)
    HAL_NVIC_EnableIRQ                       0x080005d5   Thumb Code    26  stm32f1xx_hal_cortex.o(i.HAL_NVIC_EnableIRQ)
    HAL_NVIC_SetPriority                     0x080005f1   Thumb Code    60  stm32f1xx_hal_cortex.o(i.HAL_NVIC_SetPriority)
    HAL_NVIC_SetPriorityGrouping             0x08000631   Thumb Code    26  stm32f1xx_hal_cortex.o(i.HAL_NVIC_SetPriorityGrouping)
    HAL_RCC_ClockConfig                      0x08000655   Thumb Code   280  stm32f1xx_hal_rcc.o(i.HAL_RCC_ClockConfig)
    HAL_RCC_GetPCLK1Freq                     0x08000781   Thumb Code    20  stm32f1xx_hal_rcc.o(i.HAL_RCC_GetPCLK1Freq)
    HAL_RCC_GetPCLK2Freq                     0x080007a1   Thumb Code    20  stm32f1xx_hal_rcc.o(i.HAL_RCC_GetPCLK2Freq)
    HAL_RCC_GetSysClockFreq                  0x080007c1   Thumb Code    74  stm32f1xx_hal_rcc.o(i.HAL_RCC_GetSysClockFreq)
    HAL_RCC_OscConfig                        0x0800082d   Thumb Code   778  stm32f1xx_hal_rcc.o(i.HAL_RCC_OscConfig)
    HAL_SPI_GetState                         0x08000b4d   Thumb Code     6  stm32f1xx_hal_spi.o(i.HAL_SPI_GetState)
    HAL_SPI_Init                             0x08000b53   Thumb Code   178  stm32f1xx_hal_spi.o(i.HAL_SPI_Init)
    HAL_SPI_MspInit                          0x08000c05   Thumb Code    98  stm32f1xx_hal_msp.o(i.HAL_SPI_MspInit)
    HAL_SPI_Receive                          0x08000c75   Thumb Code   346  stm32f1xx_hal_spi.o(i.HAL_SPI_Receive)
    HAL_SPI_Transmit                         0x08000dcf   Thumb Code   358  stm32f1xx_hal_spi.o(i.HAL_SPI_Transmit)
    HAL_SPI_TransmitReceive                  0x08000f35   Thumb Code   482  stm32f1xx_hal_spi.o(i.HAL_SPI_TransmitReceive)
    HAL_SYSTICK_Config                       0x08001117   Thumb Code    40  stm32f1xx_hal_cortex.o(i.HAL_SYSTICK_Config)
    HAL_UART_Init                            0x0800113f   Thumb Code    98  stm32f1xx_hal_uart.o(i.HAL_UART_Init)
    HAL_UART_MspInit                         0x080011a1   Thumb Code   100  stm32f1xx_hal_msp.o(i.HAL_UART_MspInit)
    HAL_UART_Transmit                        0x08001211   Thumb Code   178  stm32f1xx_hal_uart.o(i.HAL_UART_Transmit)
    HardFault_Handler                        0x080012c3   Thumb Code     2  stm32f1xx_it.o(i.HardFault_Handler)
    MemManage_Handler                        0x080014f1   Thumb Code     2  stm32f1xx_it.o(i.MemManage_Handler)
    NMI_Handler                              0x080014f3   Thumb Code     2  stm32f1xx_it.o(i.NMI_Handler)
    PendSV_Handler                           0x080014f5   Thumb Code     2  stm32f1xx_it.o(i.PendSV_Handler)
    SVC_Handler                              0x0800162d   Thumb Code     2  stm32f1xx_it.o(i.SVC_Handler)
    SysTick_Handler                          0x0800162f   Thumb Code     4  stm32f1xx_it.o(i.SysTick_Handler)
    SystemClock_Config                       0x08001635   Thumb Code    98  main.o(i.SystemClock_Config)
    SystemInit                               0x080016cd   Thumb Code     2  system_stm32f1xx.o(i.SystemInit)
    UsageFault_Handler                       0x080017ed   Thumb Code     2  stm32f1xx_it.o(i.UsageFault_Handler)
    __0sprintf$1                             0x080017f1   Thumb Code    34  printf1.o(i.__0sprintf$1)
    __1sprintf$1                             0x080017f1   Thumb Code     0  printf1.o(i.__0sprintf$1)
    __2sprintf                               0x080017f1   Thumb Code     0  printf1.o(i.__0sprintf$1)
    __scatterload_copy                       0x08001839   Thumb Code    14  handlers.o(i.__scatterload_copy)
    __scatterload_null                       0x08001847   Thumb Code     2  handlers.o(i.__scatterload_null)
    __scatterload_zeroinit                   0x08001849   Thumb Code    14  handlers.o(i.__scatterload_zeroinit)
    checkDestinationAddress                  0x080019b7   Thumb Code    28  main.o(i.checkDestinationAddress)
    checkPacketId                            0x080019d5   Thumb Code   134  main.o(i.checkPacketId)
    config                                   0x08001ae1   Thumb Code   280  lora.o(i.config)
    copyDataFromPacketToMemory               0x08001c01   Thumb Code   114  main.o(i.copyDataFromPacketToMemory)
    generateGenericLoraHeader                0x08001ccd   Thumb Code    76  main.o(i.generateGenericLoraHeader)
    getValueFromPositionInArray              0x08001d19   Thumb Code    26  main.o(i.getValueFromPositionInArray)
    lora_available                           0x08001d35   Thumb Code    18  lora.o(i.lora_available)
    lora_begin_packet                        0x08001d4d   Thumb Code    64  lora.o(i.lora_begin_packet)
    lora_end_packet                          0x08001d8d   Thumb Code    60  lora.o(i.lora_end_packet)
    lora_init_not_vinod                      0x08001dc9   Thumb Code    18  lora.o(i.lora_init_not_vinod)
    lora_prasePacket                         0x08001ddd   Thumb Code   134  lora.o(i.lora_prasePacket)
    lora_read                                0x08001e69   Thumb Code    34  lora.o(i.lora_read)
    lora_read_reg                            0x08001e91   Thumb Code   108  lora.o(i.lora_read_reg)
    lora_tx                                  0x08001efd   Thumb Code    64  lora.o(i.lora_tx)
    lora_write_reg                           0x08001f3d   Thumb Code   102  lora.o(i.lora_write_reg)
    main                                     0x08001fa5   Thumb Code   958  main.o(i.main)
    powerOnReset                             0x080024d5   Thumb Code    40  lora.o(i.powerOnReset)
    printLine                                0x08002501   Thumb Code    54  main.o(i.printLine)
    sendAck                                  0x08002541   Thumb Code    54  main.o(i.sendAck)
    sendPacket                               0x0800257d   Thumb Code    32  main.o(i.sendPacket)
    setFrequency                             0x080025a1   Thumb Code   166  lora.o(i.setFrequency)
    setHeaderField                           0x08002651   Thumb Code    16  main.o(i.setHeaderField)
    setHeaderMode                            0x08002661   Thumb Code    44  lora.o(i.setHeaderMode)
    setPreambleLen                           0x08002691   Thumb Code    34  lora.o(i.setPreambleLen)
    setRFpara                                0x080026b5   Thumb Code   192  lora.o(i.setRFpara)
    setRxTimeOut                             0x08002779   Thumb Code    54  lora.o(i.setRxTimeOut)
    setTxPower                               0x080027af   Thumb Code    22  lora.o(i.setTxPower)
    AHBPrescTable                            0x080027c4   Data          16  system_stm32f1xx.o(.constdata)
    APBPrescTable                            0x080027d4   Data           8  system_stm32f1xx.o(.constdata)
    Region$$Table$$Base                      0x08002820   Number         0  anon$$obj.o(Region$$Table)
    Region$$Table$$Limit                     0x08002840   Number         0  anon$$obj.o(Region$$Table)
    count                                    0x20000000   Data           2  main.o(.data)
    lastSessionId                            0x20000004   Data           4  main.o(.data)
    rx_expectedPacketId                      0x20000008   Data           4  main.o(.data)
    x_axis_byte_length                       0x2000000c   Data           4  main.o(.data)
    y_axis_byte_length                       0x20000010   Data           4  main.o(.data)
    z_axis_byte_length                       0x20000014   Data           4  main.o(.data)
    remainingTransmissions                   0x20000018   Data           4  main.o(.data)
    esp                                      0x2000001c   Data           4  main.o(.data)
    lora                                     0x20000020   Data           8  main.o(.data)
    irq2counter                              0x20000028   Data           4  main.o(.data)
    irq1counter                              0x2000002c   Data           4  main.o(.data)
    accelerometer_activity_flag              0x20000030   Data           4  main.o(.data)
    sw1_flag                                 0x20000034   Data           4  main.o(.data)
    sw3_flag                                 0x20000038   Data           4  main.o(.data)
    sw4_flag                                 0x2000003c   Data           4  main.o(.data)
    packetIndex                              0x20000040   Data           1  lora.o(.data)
    _headerMode                              0x20000041   Data           1  lora.o(.data)
    _payloadLength                           0x20000042   Data           1  lora.o(.data)
    uwTickFreq                               0x20000044   Data           1  stm32f1xx_hal.o(.data)
    uwTickPrio                               0x20000048   Data           4  stm32f1xx_hal.o(.data)
    uwTick                                   0x2000004c   Data           4  stm32f1xx_hal.o(.data)
    SystemCoreClock                          0x20000050   Data           4  system_stm32f1xx.o(.data)
    huart1                                   0x20000054   Data          64  main.o(.bss)
    msg                                      0x20000094   Data         128  main.o(.bss)
    x_axis_samples                           0x20000114   Data         512  main.o(.bss)
    y_axis_samples                           0x20000314   Data         512  main.o(.bss)
    z_axis_samples                           0x20000514   Data         512  main.o(.bss)
    lora_pins                                0x20000714   Data          28  main.o(.bss)
    hspi1                                    0x20000730   Data          88  main.o(.bss)
    esp_pins                                 0x20000788   Data          12  main.o(.bss)
    __initial_sp                             0x20000b98   Data           0  startup_stm32f103xb.o(STACK)



==============================================================================

Memory Map of the image

  Image Entry point : 0x080000ed

  Load Region LR_IROM1 (Base: 0x08000000, Size: 0x00002894, Max: 0x00040000, ABSOLUTE)

    Execution Region ER_IROM1 (Exec base: 0x08000000, Load base: 0x08000000, Size: 0x00002840, Max: 0x00040000, ABSOLUTE)

    Exec Addr    Load Addr    Size         Type   Attr      Idx    E Section Name        Object

    0x08000000   0x08000000   0x000000ec   Data   RO            3    RESET               startup_stm32f103xb.o
    0x080000ec   0x080000ec   0x00000000   Code   RO         8159  * .ARM.Collect$$$$00000000  mc_w.l(entry.o)
    0x080000ec   0x080000ec   0x00000004   Code   RO         8533    .ARM.Collect$$$$00000001  mc_w.l(entry2.o)
    0x080000f0   0x080000f0   0x00000004   Code   RO         8536    .ARM.Collect$$$$00000004  mc_w.l(entry5.o)
    0x080000f4   0x080000f4   0x00000000   Code   RO         8538    .ARM.Collect$$$$00000008  mc_w.l(entry7b.o)
    0x080000f4   0x080000f4   0x00000000   Code   RO         8540    .ARM.Collect$$$$0000000A  mc_w.l(entry8b.o)
    0x080000f4   0x080000f4   0x00000008   Code   RO         8541    .ARM.Collect$$$$0000000B  mc_w.l(entry9a.o)
    0x080000fc   0x080000fc   0x00000004   Code   RO         8548    .ARM.Collect$$$$0000000E  mc_w.l(entry12b.o)
    0x08000100   0x08000100   0x00000000   Code   RO         8543    .ARM.Collect$$$$0000000F  mc_w.l(entry10a.o)
    0x08000100   0x08000100   0x00000000   Code   RO         8545    .ARM.Collect$$$$00000011  mc_w.l(entry11a.o)
    0x08000100   0x08000100   0x00000004   Code   RO         8534    .ARM.Collect$$$$00002712  mc_w.l(entry2.o)
    0x08000104   0x08000104   0x00000024   Code   RO            4    .text               startup_stm32f103xb.o
    0x08000128   0x08000128   0x00000024   Code   RO         8175    .text               mc_w.l(memcpya.o)
    0x0800014c   0x0800014c   0x00000024   Code   RO         8177    .text               mc_w.l(memseta.o)
    0x08000170   0x08000170   0x0000000e   Code   RO         8179    .text               mc_w.l(strlen.o)
    0x0800017e   0x0800017e   0x0000002c   Code   RO         8552    .text               mc_w.l(uidiv.o)
    0x080001aa   0x080001aa   0x00000002   PAD
    0x080001ac   0x080001ac   0x00000024   Code   RO         8578    .text               mc_w.l(init.o)
    0x080001d0   0x080001d0   0x00000002   Code   RO          414    i.BusFault_Handler  stm32f1xx_it.o
    0x080001d2   0x080001d2   0x00000002   Code   RO          415    i.DebugMon_Handler  stm32f1xx_it.o
    0x080001d4   0x080001d4   0x00000044   Code   RO           16    i.ESP_write_data    main.o
    0x08000218   0x08000218   0x00000064   Code   RO          416    i.EXTI15_10_IRQHandler  stm32f1xx_it.o
    0x0800027c   0x0800027c   0x00000014   Code   RO          417    i.EXTI3_IRQHandler  stm32f1xx_it.o
    0x08000290   0x08000290   0x00000014   Code   RO          418    i.EXTI4_IRQHandler  stm32f1xx_it.o
    0x080002a4   0x080002a4   0x00000014   Code   RO          419    i.EXTI9_5_IRQHandler  stm32f1xx_it.o
    0x080002b8   0x080002b8   0x00000034   Code   RO           17    i.Error_Handler     main.o
    0x080002ec   0x080002ec   0x00000024   Code   RO         1783    i.HAL_Delay         stm32f1xx_hal.o
    0x08000310   0x08000310   0x00000002   Code   RO         2089    i.HAL_GPIO_EXTI_Callback  stm32f1xx_hal_gpio.o
    0x08000312   0x08000312   0x00000002   PAD
    0x08000314   0x08000314   0x00000018   Code   RO         2090    i.HAL_GPIO_EXTI_IRQHandler  stm32f1xx_hal_gpio.o
    0x0800032c   0x0800032c   0x000001e0   Code   RO         2091    i.HAL_GPIO_Init     stm32f1xx_hal_gpio.o
    0x0800050c   0x0800050c   0x0000000a   Code   RO         2095    i.HAL_GPIO_WritePin  stm32f1xx_hal_gpio.o
    0x08000516   0x08000516   0x00000002   PAD
    0x08000518   0x08000518   0x0000000c   Code   RO         1787    i.HAL_GetTick       stm32f1xx_hal.o
    0x08000524   0x08000524   0x00000010   Code   RO         1793    i.HAL_IncTick       stm32f1xx_hal.o
    0x08000534   0x08000534   0x00000024   Code   RO         1794    i.HAL_Init          stm32f1xx_hal.o
    0x08000558   0x08000558   0x00000040   Code   RO         1795    i.HAL_InitTick      stm32f1xx_hal.o
    0x08000598   0x08000598   0x0000003c   Code   RO          524    i.HAL_MspInit       stm32f1xx_hal_msp.o
    0x080005d4   0x080005d4   0x0000001a   Code   RO         2251    i.HAL_NVIC_EnableIRQ  stm32f1xx_hal_cortex.o
    0x080005ee   0x080005ee   0x00000002   PAD
    0x080005f0   0x080005f0   0x00000040   Code   RO         2257    i.HAL_NVIC_SetPriority  stm32f1xx_hal_cortex.o
    0x08000630   0x08000630   0x00000024   Code   RO         2258    i.HAL_NVIC_SetPriorityGrouping  stm32f1xx_hal_cortex.o
    0x08000654   0x08000654   0x0000012c   Code   RO         1951    i.HAL_RCC_ClockConfig  stm32f1xx_hal_rcc.o
    0x08000780   0x08000780   0x00000020   Code   RO         1958    i.HAL_RCC_GetPCLK1Freq  stm32f1xx_hal_rcc.o
    0x080007a0   0x080007a0   0x00000020   Code   RO         1959    i.HAL_RCC_GetPCLK2Freq  stm32f1xx_hal_rcc.o
    0x080007c0   0x080007c0   0x0000006c   Code   RO         1960    i.HAL_RCC_GetSysClockFreq  stm32f1xx_hal_rcc.o
    0x0800082c   0x0800082c   0x00000320   Code   RO         1963    i.HAL_RCC_OscConfig  stm32f1xx_hal_rcc.o
    0x08000b4c   0x08000b4c   0x00000006   Code   RO         1463    i.HAL_SPI_GetState  stm32f1xx_hal_spi.o
    0x08000b52   0x08000b52   0x000000b2   Code   RO         1465    i.HAL_SPI_Init      stm32f1xx_hal_spi.o
    0x08000c04   0x08000c04   0x00000070   Code   RO          526    i.HAL_SPI_MspInit   stm32f1xx_hal_msp.o
    0x08000c74   0x08000c74   0x0000015a   Code   RO         1468    i.HAL_SPI_Receive   stm32f1xx_hal_spi.o
    0x08000dce   0x08000dce   0x00000166   Code   RO         1473    i.HAL_SPI_Transmit  stm32f1xx_hal_spi.o
    0x08000f34   0x08000f34   0x000001e2   Code   RO         1474    i.HAL_SPI_TransmitReceive  stm32f1xx_hal_spi.o
    0x08001116   0x08001116   0x00000028   Code   RO         2262    i.HAL_SYSTICK_Config  stm32f1xx_hal_cortex.o
    0x0800113e   0x0800113e   0x00000062   Code   RO         2812    i.HAL_UART_Init     stm32f1xx_hal_uart.o
    0x080011a0   0x080011a0   0x00000070   Code   RO          528    i.HAL_UART_MspInit  stm32f1xx_hal_msp.o
    0x08001210   0x08001210   0x000000b2   Code   RO         2820    i.HAL_UART_Transmit  stm32f1xx_hal_uart.o
    0x080012c2   0x080012c2   0x00000002   Code   RO          420    i.HardFault_Handler  stm32f1xx_it.o
    0x080012c4   0x080012c4   0x00000164   Code   RO           18    i.MX_GPIO_Init      main.o
    0x08001428   0x08001428   0x00000068   Code   RO           19    i.MX_SPI1_Init      main.o
    0x08001490   0x08001490   0x00000060   Code   RO           20    i.MX_USART1_UART_Init  main.o
    0x080014f0   0x080014f0   0x00000002   Code   RO          421    i.MemManage_Handler  stm32f1xx_it.o
    0x080014f2   0x080014f2   0x00000002   Code   RO          422    i.NMI_Handler       stm32f1xx_it.o
    0x080014f4   0x080014f4   0x00000002   Code   RO          423    i.PendSV_Handler    stm32f1xx_it.o
    0x080014f6   0x080014f6   0x0000005c   Code   RO         1502    i.SPI_EndRxTransaction  stm32f1xx_hal_spi.o
    0x08001552   0x08001552   0x00000020   Code   RO         1503    i.SPI_EndRxTxTransaction  stm32f1xx_hal_spi.o
    0x08001572   0x08001572   0x00000002   PAD
    0x08001574   0x08001574   0x000000b8   Code   RO         1508    i.SPI_WaitFlagStateUntilTimeout  stm32f1xx_hal_spi.o
    0x0800162c   0x0800162c   0x00000002   Code   RO          424    i.SVC_Handler       stm32f1xx_it.o
    0x0800162e   0x0800162e   0x00000004   Code   RO          425    i.SysTick_Handler   stm32f1xx_it.o
    0x08001632   0x08001632   0x00000002   PAD
    0x08001634   0x08001634   0x00000098   Code   RO           21    i.SystemClock_Config  main.o
    0x080016cc   0x080016cc   0x00000002   Code   RO         3109    i.SystemInit        system_stm32f1xx.o
    0x080016ce   0x080016ce   0x00000002   PAD
    0x080016d0   0x080016d0   0x000000b8   Code   RO         2838    i.UART_SetConfig    stm32f1xx_hal_uart.o
    0x08001788   0x08001788   0x00000064   Code   RO         2839    i.UART_WaitOnFlagUntilTimeout  stm32f1xx_hal_uart.o
    0x080017ec   0x080017ec   0x00000002   Code   RO          426    i.UsageFault_Handler  stm32f1xx_it.o
    0x080017ee   0x080017ee   0x00000002   PAD
    0x080017f0   0x080017f0   0x00000028   Code   RO         8230    i.__0sprintf$1      mc_w.l(printf1.o)
    0x08001818   0x08001818   0x00000020   Code   RO         2264    i.__NVIC_SetPriority  stm32f1xx_hal_cortex.o
    0x08001838   0x08001838   0x0000000e   Code   RO         8584    i.__scatterload_copy  mc_w.l(handlers.o)
    0x08001846   0x08001846   0x00000002   Code   RO         8585    i.__scatterload_null  mc_w.l(handlers.o)
    0x08001848   0x08001848   0x0000000e   Code   RO         8586    i.__scatterload_zeroinit  mc_w.l(handlers.o)
    0x08001856   0x08001856   0x00000002   PAD
    0x08001858   0x08001858   0x00000154   Code   RO         8235    i._printf_core      mc_w.l(printf1.o)
    0x080019ac   0x080019ac   0x0000000a   Code   RO         8237    i._sputc            mc_w.l(printf1.o)
    0x080019b6   0x080019b6   0x0000001c   Code   RO           23    i.checkDestinationAddress  main.o
    0x080019d2   0x080019d2   0x00000002   PAD
    0x080019d4   0x080019d4   0x0000010c   Code   RO           24    i.checkPacketId     main.o
    0x08001ae0   0x08001ae0   0x00000120   Code   RO          572    i.config            lora.o
    0x08001c00   0x08001c00   0x000000cc   Code   RO           26    i.copyDataFromPacketToMemory  main.o
    0x08001ccc   0x08001ccc   0x0000004c   Code   RO           28    i.generateGenericLoraHeader  main.o
    0x08001d18   0x08001d18   0x0000001a   Code   RO           30    i.getValueFromPositionInArray  main.o
    0x08001d32   0x08001d32   0x00000002   PAD
    0x08001d34   0x08001d34   0x00000018   Code   RO          573    i.lora_available    lora.o
    0x08001d4c   0x08001d4c   0x00000040   Code   RO          574    i.lora_begin_packet  lora.o
    0x08001d8c   0x08001d8c   0x0000003c   Code   RO          575    i.lora_end_packet   lora.o
    0x08001dc8   0x08001dc8   0x00000012   Code   RO          576    i.lora_init_not_vinod  lora.o
    0x08001dda   0x08001dda   0x00000002   PAD
    0x08001ddc   0x08001ddc   0x0000008c   Code   RO          577    i.lora_prasePacket  lora.o
    0x08001e68   0x08001e68   0x00000028   Code   RO          578    i.lora_read         lora.o
    0x08001e90   0x08001e90   0x0000006c   Code   RO          579    i.lora_read_reg     lora.o
    0x08001efc   0x08001efc   0x00000040   Code   RO          580    i.lora_tx           lora.o
    0x08001f3c   0x08001f3c   0x00000066   Code   RO          581    i.lora_write_reg    lora.o
    0x08001fa2   0x08001fa2   0x00000002   PAD
    0x08001fa4   0x08001fa4   0x00000530   Code   RO           31    i.main              main.o
    0x080024d4   0x080024d4   0x0000002c   Code   RO          582    i.powerOnReset      lora.o
    0x08002500   0x08002500   0x00000040   Code   RO           35    i.printLine         main.o
    0x08002540   0x08002540   0x0000003c   Code   RO           36    i.sendAck           main.o
    0x0800257c   0x0800257c   0x00000024   Code   RO           39    i.sendPacket        main.o
    0x080025a0   0x080025a0   0x000000b0   Code   RO          584    i.setFrequency      lora.o
    0x08002650   0x08002650   0x00000010   Code   RO           41    i.setHeaderField    main.o
    0x08002660   0x08002660   0x00000030   Code   RO          585    i.setHeaderMode     lora.o
    0x08002690   0x08002690   0x00000022   Code   RO          587    i.setPreambleLen    lora.o
    0x080026b2   0x080026b2   0x00000002   PAD
    0x080026b4   0x080026b4   0x000000c4   Code   RO          588    i.setRFpara         lora.o
    0x08002778   0x08002778   0x00000036   Code   RO          589    i.setRxTimeOut      lora.o
    0x080027ae   0x080027ae   0x00000016   Code   RO          590    i.setTxPower        lora.o
    0x080027c4   0x080027c4   0x00000010   Data   RO         3110    .constdata          system_stm32f1xx.o
    0x080027d4   0x080027d4   0x00000008   Data   RO         3111    .constdata          system_stm32f1xx.o
    0x080027dc   0x080027dc   0x00000043   Data   RO           46    .conststring        main.o
    0x0800281f   0x0800281f   0x00000001   PAD
    0x08002820   0x08002820   0x00000020   Data   RO         8582    Region$$Table       anon$$obj.o


    Execution Region RW_IRAM1 (Exec base: 0x20000000, Load base: 0x08002840, Size: 0x00000b98, Max: 0x00005000, ABSOLUTE)

    Exec Addr    Load Addr    Size         Type   Attr      Idx    E Section Name        Object

    0x20000000   0x08002840   0x00000028   Data   RW           48    .data               main.o
    0x20000028   0x08002868   0x00000004   Data   RW           53    .data               main.o
    0x2000002c   0x0800286c   0x00000004   Data   RW           54    .data               main.o
    0x20000030   0x08002870   0x00000004   Data   RW           55    .data               main.o
    0x20000034   0x08002874   0x00000004   Data   RW           56    .data               main.o
    0x20000038   0x08002878   0x00000004   Data   RW           57    .data               main.o
    0x2000003c   0x0800287c   0x00000004   Data   RW           58    .data               main.o
    0x20000040   0x08002880   0x00000003   Data   RW          591    .data               lora.o
    0x20000043   0x08002883   0x00000001   PAD
    0x20000044   0x08002884   0x0000000c   Data   RW         1801    .data               stm32f1xx_hal.o
    0x20000050   0x08002890   0x00000004   Data   RW         3112    .data               system_stm32f1xx.o
    0x20000054        -       0x00000740   Zero   RW           42    .bss                main.o
    0x20000794   0x08002894   0x00000004   PAD
    0x20000798        -       0x00000400   Zero   RW            1    STACK               startup_stm32f103xb.o


==============================================================================

Image component sizes


      Code (inc. data)   RO Data    RW Data    ZI Data      Debug   Object Name

      1482         48          0          3          0      12402   lora.o
      2934        786         67         64       1856     420864   main.o
        36          8        236          0       1024        868   startup_stm32f103xb.o
       164         28          0         12          0       6425   stm32f1xx_hal.o
       198         14          0          0          0      29331   stm32f1xx_hal_cortex.o
       516         40          0          0          0       4328   stm32f1xx_hal_gpio.o
       284         34          0          0          0       2475   stm32f1xx_hal_msp.o
      1272        100          0          0          0       5588   stm32f1xx_hal_rcc.o
      1678          4          0          0          0       9289   stm32f1xx_hal_spi.o
       560          6          0          0          0       4308   stm32f1xx_hal_uart.o
       180         32          0          0          0       6580   stm32f1xx_it.o
         2          0         24          4          0       1291   system_stm32f1xx.o

    ----------------------------------------------------------------------
      9330       1100        360         84       2884     503749   Object Totals
         0          0         32          0          0          0   (incl. Generated)
        24          0          1          1          4          0   (incl. Padding)

    ----------------------------------------------------------------------

      Code (inc. data)   RO Data    RW Data    ZI Data      Debug   Library Member Name

         0          0          0          0          0          0   entry.o
         0          0          0          0          0          0   entry10a.o
         0          0          0          0          0          0   entry11a.o
         4          0          0          0          0          0   entry12b.o
         8          4          0          0          0          0   entry2.o
         4          0          0          0          0          0   entry5.o
         0          0          0          0          0          0   entry7b.o
         0          0          0          0          0          0   entry8b.o
         8          4          0          0          0          0   entry9a.o
        30          0          0          0          0          0   handlers.o
        36          8          0          0          0         68   init.o
        36          0          0          0          0         68   memcpya.o
        36          0          0          0          0        108   memseta.o
       390         10          0          0          0        252   printf1.o
        14          0          0          0          0         68   strlen.o
        44          0          0          0          0         80   uidiv.o

    ----------------------------------------------------------------------
       614         26          0          0          0        644   Library Totals
         4          0          0          0          0          0   (incl. Padding)

    ----------------------------------------------------------------------

      Code (inc. data)   RO Data    RW Data    ZI Data      Debug   Library Name

       610         26          0          0          0        644   mc_w.l

    ----------------------------------------------------------------------
       614         26          0          0          0        644   Library Totals

    ----------------------------------------------------------------------

==============================================================================


      Code (inc. data)   RO Data    RW Data    ZI Data      Debug   

      9944       1126        360         84       2884     500281   Grand Totals
      9944       1126        360         84       2884     500281   ELF Image Totals
      9944       1126        360         84          0          0   ROM Totals

==============================================================================

    Total RO  Size (Code + RO Data)                10304 (  10.06kB)
    Total RW  Size (RW Data + ZI Data)              2968 (   2.90kB)
    Total ROM Size (Code + RO Data + RW Data)      10388 (  10.14kB)

==============================================================================

