<html>
<body>
<pre>
<h1>µVision Build Log</h1>
<h2>Tool Versions:</h2>
IDE-Version: µVision V5.36.0.0
Copyright (C) 2021 ARM Ltd and ARM Germany GmbH. All rights reserved.
License Information: Andrej Klochan, unemployed, LIC=----
 
Tool Versions:
Toolchain:       MDK-Lite  Version: 5.36.0.0
Toolchain Path:  C:\Keil_v5\ARM\ARMCC\Bin
C Compiler:      Armcc.exe V5.06 update 7 (build 960)
Assembler:       Armasm.exe V5.06 update 7 (build 960)
Linker/Locator:  ArmLink.exe V5.06 update 7 (build 960)
Library Manager: ArmAr.exe V5.06 update 7 (build 960)
Hex Converter:   FromElf.exe V5.06 update 7 (build 960)
CPU DLL:         SARMCM3.DLL V5.36.0.0
Dialog DLL:      DCM.DLL V1.17.3.0
Target DLL:      STLink\ST-LINKIII-KEIL_SWO.dll V3.0.9.0
Dialog DLL:      TCM.DLL V1.53.0.0
 
<h2>Project:</h2>
D:\Google Drive Sync\Vyska\4\Projekt\19.3\Lora-Sx1276-7-8-main_zdrojaky (2)\Lora-Sx1276-7-8-main\Lora-Sx1276-7-8-main\MDK-ARM\lora.uvprojx
Project File Date:  10/14/2022

<h2>Output:</h2>
*** Using Compiler 'V5.06 update 7 (build 960)', folder: 'C:\Keil_v5\ARM\ARMCC\Bin'
Build target 'lora_library_test'
compiling main.c...
../Inc/..\Src\definitions.h(197): warning:  #1215-D: #warning directive: po zmene zmenit aj nastavenia externych preruseni a mapovanie v subore srm32f1xx_it.c
  #warning po zmene zmenit aj nastavenia externych preruseni a mapovanie v subore srm32f1xx_it.c
../Inc/lora.h(319): warning:  #1295-D: Deprecated declaration powerOnReset - give arg types
  void powerOnReset();
../Src/..\Src\ADXL345.h(169): warning:  #1215-D: #warning directive: musel som prepisat
  #warning musel som prepisat
../Src/..\Src\ADXL345.h(170): warning:  #47-D: incompatible redefinition of macro "bool"  (declared at line 15 of "C:\Keil_v5\ARM\ARMCC\Bin\..\include\stdbool.h")
  #define bool uint8_t
../Src/main.c(14): warning:  #1215-D: #warning directive: TODO: measure data only if energy is above some threshold
  #warning TODO: measure data only if energy is above some threshold
../Src/main.c(15): warning:  #1215-D: #warning directive: TODO: distance tests
  #warning TODO: distance tests
../Src/main.c(16): warning:  #1215-D: #warning directive: TODO: power consumption tests
  #warning TODO: power consumption tests
../Src/main.c(17): warning:  #1215-D: #warning directive: TODO: general test the SU on steel rod
  #warning TODO: general test the SU on steel rod
../Src/main.c(18): warning:  #1215-D: #warning directive: TODO: general test the devices in terrain, measure data, analyze it
  #warning TODO: general test the devices in terrain, measure data, analyze it
../Src/main.c(19): warning:  #1215-D: #warning directive: TODO: start writing diploma thesis
  #warning TODO: start writing diploma thesis
../Src/main.c(20): warning:  #1215-D: #warning directive: TODO: better communication protocol between stm and esp
  #warning TODO: better communication protocol between stm and esp
../Src/main.c(21): warning:  #1215-D: #warning directive: TODO: create seed for random funct
  #warning TODO: create seed for random funct
../Src/main.c(22): warning:  #1215-D: #warning directive: adxl bypass vs fifo mode
  #warning adxl bypass vs fifo mode
../Src/main.c(23): warning:  #1215-D: #warning directive: ked sa zaznamena prerusenie na aktivity pri adxl, vypnut prerusenia pre ten pin, spravit potrebny pocet vzoriek
  #warning ked sa zaznamena prerusenie na aktivity pri adxl, vypnut prerusenia pre ten pin, spravit potrebny pocet vzoriek
../Src/main.c(24): warning:  #1215-D: #warning directive: odoslat ich a az potom znovu zapnut prerusenia
  #warning odoslat ich a az potom znovu zapnut prerusenia
../Src/main.c(25): warning:  #1215-D: #warning directive: ak sa bud zastavi tick alebo ulozi do sleep rezimu, tak nie je mozne flashnut ani cez 2wire jtag
  #warning ak sa bud zastavi tick alebo ulozi do sleep rezimu, tak nie je mozne flashnut ani cez 2wire jtag
../Src/main.c(26): warning:  #1215-D: #warning directive: interrupt z adxl sa nastartuje az vtedy, ako sa privedie externa LOG H na pin
  #warning interrupt z adxl sa nastartuje az vtedy, ako sa privedie externa LOG H na pin
../Src/main.c(419): warning:  #1215-D: #warning directive: here may be a problem with address allignment:
  	#warning here may be a problem with address allignment:
  	 ^
../Src/main.c(517): warning:  #9-D: nested comment is not allowed
  #define NPT 64 /* Number of sampling points*/
../Src/main.c(737): warning:  #1215-D: #warning directive: check session id
  	#warning check session id
../Src/main.c(840): warning:  #1215-D: #warning directive: ak sa nezmestia data do ram, presunut ich do global 
  #warning ak sa nezmestia data do ram, presunut ich do global 
../Src/main.c(1011): warning:  #1215-D: #warning directive: enabled or disabled???
  	#warning enabled or disabled???
../Src/main.c(1500): warning:  #1215-D: #warning directive: add timeout from receiving last packet if session has not ended
  						#warning add timeout from receiving last packet if session has not ended
../Src/main.c(1725): warning:  #1215-D: #warning directive: skusit zvysit rychlost
  	#warning skusit zvysit rychlost
../Src/main.c(172): warning:  #177-D: function "MX_SPI2_Init"  was declared but never referenced
  static void MX_SPI2_Init(void);
../Src/main.c(556): warning:  #177-D: variable "testOutput"  was declared but never referenced
  static float32_t testOutput[SAMPLE_SIZE / 2];
../Src/main.c: 26 warnings, 0 errors
linking...
Program Size: Code=9944 RO-data=360 RW-data=84 ZI-data=2884  
FromELF: creating hex file...
".\lora_library_test\lora_library_test.axf" - 0 Error(s), 26 Warning(s).

<h2>Software Packages used:</h2>

Package Vendor: ARM
                http://www.keil.com/pack/ARM.CMSIS.5.8.0.pack
                ARM.CMSIS.5.8.0
                CMSIS (Common Microcontroller Software Interface Standard)
   * Component: CORE Version: 5.5.0
   * Component: DSP Variant: Source Version: 1.9.0-dev

Package Vendor: Keil
                http://www.keil.com/pack/Keil.STM32F1xx_DFP.2.3.0.pack
                Keil.STM32F1xx_DFP.2.3.0
                STMicroelectronics STM32F1 Series Device Support, Drivers and Examples

<h2>Collection of Component include folders:</h2>
  .\RTE\_lora_library_test
  C:\Users\admin\AppData\Local\Arm\Packs\ARM\CMSIS\5.8.0\CMSIS\Core\Include
  C:\Users\admin\AppData\Local\Arm\Packs\ARM\CMSIS\5.8.0\CMSIS\DSP\Include
  C:\Users\admin\AppData\Local\Arm\Packs\ARM\CMSIS\5.8.0\CMSIS\DSP\PrivateInclude
  C:\Users\admin\AppData\Local\Arm\Packs\Keil\STM32F1xx_DFP\2.3.0\Device\Include

<h2>Collection of Component Files used:</h2>

   * Component: ARM::CMSIS:CORE:5.5.0

   * Component: ARM::CMSIS:DSP:Source:1.9.0-dev
      Include file:  CMSIS\DSP\Include\arm_common_tables_f16.h
      Source file:   CMSIS\DSP\Source\QuaternionMathFunctions\QuaternionMathFunctions.c
      Source file:   CMSIS\DSP\Source\BayesFunctions\BayesFunctions.c
      Source file:   CMSIS\DSP\Source\CommonTables\CommonTables.c
      Source file:   CMSIS\DSP\Source\ComplexMathFunctions\ComplexMathFunctions.c
      Source file:   CMSIS\DSP\Source\ControllerFunctions\ControllerFunctions.c
      Include file:  CMSIS\DSP\Include\arm_common_tables.h
      Include file:  CMSIS\DSP\Include\arm_const_structs.h
      Include file:  CMSIS\DSP\Include\arm_const_structs_f16.h
      Include file:  CMSIS\DSP\Include\arm_math.h
      Source file:   CMSIS\DSP\Source\DistanceFunctions\DistanceFunctions.c
      Source file:   CMSIS\DSP\Source\FilteringFunctions\FilteringFunctions.c
      Source file:   CMSIS\DSP\Source\FastMathFunctions\FastMathFunctions.c
      Include file:  CMSIS\DSP\Include\arm_math_f16.h
      Source file:   CMSIS\DSP\Source\MatrixFunctions\MatrixFunctions.c
      Source file:   CMSIS\DSP\Source\BasicMathFunctions\BasicMathFunctions.c
      Source file:   CMSIS\DSP\Source\SupportFunctions\SupportFunctions.c
      Source file:   CMSIS\DSP\Source\StatisticsFunctions\StatisticsFunctions.c
      Source file:   CMSIS\DSP\Source\InterpolationFunctions\InterpolationFunctions.c
      Source file:   CMSIS\DSP\Source\SupportFunctions\SupportFunctionsF16.c
      Source file:   CMSIS\DSP\Source\SVMFunctions\SVMFunctions.c
      Source file:   CMSIS\DSP\Source\SVMFunctions\SVMFunctionsF16.c
      Source file:   CMSIS\DSP\Source\BayesFunctions\BayesFunctionsF16.c
      Source file:   CMSIS\DSP\Source\BasicMathFunctions\BasicMathFunctionsF16.c
      Source file:   CMSIS\DSP\Source\StatisticsFunctions\StatisticsFunctionsF16.c
      Source file:   CMSIS\DSP\Source\CommonTables\CommonTablesF16.c
      Source file:   CMSIS\DSP\Source\DistanceFunctions\DistanceFunctionsF16.c
      Source file:   CMSIS\DSP\Source\TransformFunctions\TransformFunctionsF16.c
      Source file:   CMSIS\DSP\Source\FastMathFunctions\FastMathFunctionsF16.c
      Source file:   CMSIS\DSP\Source\MatrixFunctions\MatrixFunctionsF16.c
      Source file:   CMSIS\DSP\Source\ComplexMathFunctions\ComplexMathFunctionsF16.c
      Source file:   CMSIS\DSP\Source\TransformFunctions\TransformFunctions.c
      Source file:   CMSIS\DSP\Source\FilteringFunctions\FilteringFunctionsF16.c
      Source file:   CMSIS\DSP\Source\InterpolationFunctions\InterpolationFunctionsF16.c
Build Time Elapsed:  00:00:04
</pre>
</body>
</html>
